 
****************************************
Report : port
Design : openMSP430
Version: O-2018.06-SP1
Date   : Mon Sep  7 11:00:56 2026
****************************************



Attributes:
    d - dont_touch_network

                       Pin      Wire     Max     Max     Connection
Port           Dir     Load     Load     Trans   Cap     Class      Attrs
--------------------------------------------------------------------------------
cpu_en         in      0.0000   0.0000    0.08   16.00   --         
dbg_en         in      0.0000   0.0000    0.08   16.00   --         
dbg_i2c_addr[0]
               in      0.0000   0.0000    0.08   16.00   --         
dbg_i2c_addr[1]
               in      0.0000   0.0000    0.08   16.00   --         
dbg_i2c_addr[2]
               in      0.0000   0.0000    0.08   16.00   --         
dbg_i2c_addr[3]
               in      0.0000   0.0000    0.08   16.00   --         
dbg_i2c_addr[4]
               in      0.0000   0.0000    0.08   16.00   --         
dbg_i2c_addr[5]
               in      0.0000   0.0000    0.08   16.00   --         
dbg_i2c_addr[6]
               in      0.0000   0.0000    0.08   16.00   --         
dbg_i2c_broadcast[0]
               in      0.0000   0.0000    0.08   16.00   --         
dbg_i2c_broadcast[1]
               in      0.0000   0.0000    0.08   16.00   --         
dbg_i2c_broadcast[2]
               in      0.0000   0.0000    0.08   16.00   --         
dbg_i2c_broadcast[3]
               in      0.0000   0.0000    0.08   16.00   --         
dbg_i2c_broadcast[4]
               in      0.0000   0.0000    0.08   16.00   --         
dbg_i2c_broadcast[5]
               in      0.0000   0.0000    0.08   16.00   --         
dbg_i2c_broadcast[6]
               in      0.0000   0.0000    0.08   16.00   --         
dbg_i2c_scl    in      0.0000   0.0000    0.08   16.00   --         
dbg_i2c_sda_in in      0.0000   0.0000    0.08   16.00   --         
dbg_uart_rxd   in      0.0000   0.0000    0.08   16.00   --         
dco_clk        in      0.0000   0.0000   --      --      --         d
dma_addr[1]    in      0.0000   0.0000    0.08   16.00   --         
dma_addr[2]    in      0.0000   0.0000    0.08   16.00   --         
dma_addr[3]    in      0.0000   0.0000    0.08   16.00   --         
dma_addr[4]    in      0.0000   0.0000    0.08   16.00   --         
dma_addr[5]    in      0.0000   0.0000    0.08   16.00   --         
dma_addr[6]    in      0.0000   0.0000    0.08   16.00   --         
dma_addr[7]    in      0.0000   0.0000    0.08   16.00   --         
dma_addr[8]    in      0.0000   0.0000    0.08   16.00   --         
dma_addr[9]    in      0.0000   0.0000    0.08   16.00   --         
dma_addr[10]   in      0.0000   0.0000    0.08   16.00   --         
dma_addr[11]   in      0.0000   0.0000    0.08   16.00   --         
dma_addr[12]   in      0.0000   0.0000    0.08   16.00   --         
dma_addr[13]   in      0.0000   0.0000    0.08   16.00   --         
dma_addr[14]   in      0.0000   0.0000    0.08   16.00   --         
dma_addr[15]   in      0.0000   0.0000    0.08   16.00   --         
dma_din[0]     in      0.0000   0.0000    0.08   16.00   --         
dma_din[1]     in      0.0000   0.0000    0.08   16.00   --         
dma_din[2]     in      0.0000   0.0000    0.08   16.00   --         
dma_din[3]     in      0.0000   0.0000    0.08   16.00   --         
dma_din[4]     in      0.0000   0.0000    0.08   16.00   --         
dma_din[5]     in      0.0000   0.0000    0.08   16.00   --         
dma_din[6]     in      0.0000   0.0000    0.08   16.00   --         
dma_din[7]     in      0.0000   0.0000    0.08   16.00   --         
dma_din[8]     in      0.0000   0.0000    0.08   16.00   --         
dma_din[9]     in      0.0000   0.0000    0.08   16.00   --         
dma_din[10]    in      0.0000   0.0000    0.08   16.00   --         
dma_din[11]    in      0.0000   0.0000    0.08   16.00   --         
dma_din[12]    in      0.0000   0.0000    0.08   16.00   --         
dma_din[13]    in      0.0000   0.0000    0.08   16.00   --         
dma_din[14]    in      0.0000   0.0000    0.08   16.00   --         
dma_din[15]    in      0.0000   0.0000    0.08   16.00   --         
dma_en         in      0.0000   0.0000    0.08   16.00   --         
dma_priority   in      0.0000   0.0000    0.08   16.00   --         
dma_we[0]      in      0.0000   0.0000    0.08   16.00   --         
dma_we[1]      in      0.0000   0.0000    0.08   16.00   --         
dma_wkup       in      0.0000   0.0000    0.08   16.00   --         
dmem_dout[0]   in      0.0000   0.0000    0.08   16.00   --         
dmem_dout[1]   in      0.0000   0.0000    0.08   16.00   --         
dmem_dout[2]   in      0.0000   0.0000    0.08   16.00   --         
dmem_dout[3]   in      0.0000   0.0000    0.08   16.00   --         
dmem_dout[4]   in      0.0000   0.0000    0.08   16.00   --         
dmem_dout[5]   in      0.0000   0.0000    0.08   16.00   --         
dmem_dout[6]   in      0.0000   0.0000    0.08   16.00   --         
dmem_dout[7]   in      0.0000   0.0000    0.08   16.00   --         
dmem_dout[8]   in      0.0000   0.0000    0.08   16.00   --         
dmem_dout[9]   in      0.0000   0.0000    0.08   16.00   --         
dmem_dout[10]  in      0.0000   0.0000    0.08   16.00   --         
dmem_dout[11]  in      0.0000   0.0000    0.08   16.00   --         
dmem_dout[12]  in      0.0000   0.0000    0.08   16.00   --         
dmem_dout[13]  in      0.0000   0.0000    0.08   16.00   --         
dmem_dout[14]  in      0.0000   0.0000    0.08   16.00   --         
dmem_dout[15]  in      0.0000   0.0000    0.08   16.00   --         
irq[0]         in      0.0000   0.0000    0.08   16.00   --         
irq[1]         in      0.0000   0.0000    0.08   16.00   --         
irq[2]         in      0.0000   0.0000    0.08   16.00   --         
irq[3]         in      0.0000   0.0000    0.08   16.00   --         
irq[4]         in      0.0000   0.0000    0.08   16.00   --         
irq[5]         in      0.0000   0.0000    0.08   16.00   --         
irq[6]         in      0.0000   0.0000    0.08   16.00   --         
irq[7]         in      0.0000   0.0000    0.08   16.00   --         
irq[8]         in      0.0000   0.0000    0.08   16.00   --         
irq[9]         in      0.0000   0.0000    0.08   16.00   --         
irq[10]        in      0.0000   0.0000    0.08   16.00   --         
irq[11]        in      0.0000   0.0000    0.08   16.00   --         
irq[12]        in      0.0000   0.0000    0.08   16.00   --         
irq[13]        in      0.0000   0.0000    0.08   16.00   --         
lfxt_clk       in      0.0000   0.0000    0.08   16.00   --         d
nmi            in      0.0000   0.0000    0.08   16.00   --         
per_dout[0]    in      0.0000   0.0000    0.08   16.00   --         
per_dout[1]    in      0.0000   0.0000    0.08   16.00   --         
per_dout[2]    in      0.0000   0.0000    0.08   16.00   --         
per_dout[3]    in      0.0000   0.0000    0.08   16.00   --         
per_dout[4]    in      0.0000   0.0000    0.08   16.00   --         
per_dout[5]    in      0.0000   0.0000    0.08   16.00   --         
per_dout[6]    in      0.0000   0.0000    0.08   16.00   --         
per_dout[7]    in      0.0000   0.0000    0.08   16.00   --         
per_dout[8]    in      0.0000   0.0000    0.08   16.00   --         
per_dout[9]    in      0.0000   0.0000    0.08   16.00   --         
per_dout[10]   in      0.0000   0.0000    0.08   16.00   --         
per_dout[11]   in      0.0000   0.0000    0.08   16.00   --         
per_dout[12]   in      0.0000   0.0000    0.08   16.00   --         
per_dout[13]   in      0.0000   0.0000    0.08   16.00   --         
per_dout[14]   in      0.0000   0.0000    0.08   16.00   --         
per_dout[15]   in      0.0000   0.0000    0.08   16.00   --         
pmem_dout[0]   in      0.0000   0.0000    0.08   16.00   --         
pmem_dout[1]   in      0.0000   0.0000    0.08   16.00   --         
pmem_dout[2]   in      0.0000   0.0000    0.08   16.00   --         
pmem_dout[3]   in      0.0000   0.0000    0.08   16.00   --         
pmem_dout[4]   in      0.0000   0.0000    0.08   16.00   --         
pmem_dout[5]   in      0.0000   0.0000    0.08   16.00   --         
pmem_dout[6]   in      0.0000   0.0000    0.08   16.00   --         
pmem_dout[7]   in      0.0000   0.0000    0.08   16.00   --         
pmem_dout[8]   in      0.0000   0.0000    0.08   16.00   --         
pmem_dout[9]   in      0.0000   0.0000    0.08   16.00   --         
pmem_dout[10]  in      0.0000   0.0000    0.08   16.00   --         
pmem_dout[11]  in      0.0000   0.0000    0.08   16.00   --         
pmem_dout[12]  in      0.0000   0.0000    0.08   16.00   --         
pmem_dout[13]  in      0.0000   0.0000    0.08   16.00   --         
pmem_dout[14]  in      0.0000   0.0000    0.08   16.00   --         
pmem_dout[15]  in      0.0000   0.0000    0.08   16.00   --         
reset_n        in      0.0000   0.0000    0.08   16.00   --         
scan_enable    in      0.0000   0.0000    0.08   16.00   --         
scan_mode      in      0.0000   0.0000    0.08   16.00   --         
wkup           in      0.0000   0.0000    0.08   16.00   --         
aclk           out     0.0000   0.0000   --      --      --         
aclk_en        out     0.0000   0.0000   --      --      --         
dbg_freeze     out     0.0000   0.0000   --      --      --         
dbg_i2c_sda_out
               out     0.0000   0.0000   --      --      --         
dbg_uart_txd   out     0.0000   0.0000   --      --      --         
dco_enable     out     0.0000   0.0000   --      --      --         
dco_wkup       out     0.0000   0.0000   --      --      --         
dma_dout[0]    out     0.0000   0.0000   --      --      --         
dma_dout[1]    out     0.0000   0.0000   --      --      --         
dma_dout[2]    out     0.0000   0.0000   --      --      --         
dma_dout[3]    out     0.0000   0.0000   --      --      --         
dma_dout[4]    out     0.0000   0.0000   --      --      --         
dma_dout[5]    out     0.0000   0.0000   --      --      --         
dma_dout[6]    out     0.0000   0.0000   --      --      --         
dma_dout[7]    out     0.0000   0.0000   --      --      --         
dma_dout[8]    out     0.0000   0.0000   --      --      --         
dma_dout[9]    out     0.0000   0.0000   --      --      --         
dma_dout[10]   out     0.0000   0.0000   --      --      --         
dma_dout[11]   out     0.0000   0.0000   --      --      --         
dma_dout[12]   out     0.0000   0.0000   --      --      --         
dma_dout[13]   out     0.0000   0.0000   --      --      --         
dma_dout[14]   out     0.0000   0.0000   --      --      --         
dma_dout[15]   out     0.0000   0.0000   --      --      --         
dma_ready      out     0.0000   0.0000   --      --      --         
dma_resp       out     0.0000   0.0000   --      --      --         
dmem_addr[0]   out     0.0000   0.0000   --      --      --         
dmem_addr[1]   out     0.0000   0.0000   --      --      --         
dmem_addr[2]   out     0.0000   0.0000   --      --      --         
dmem_addr[3]   out     0.0000   0.0000   --      --      --         
dmem_addr[4]   out     0.0000   0.0000   --      --      --         
dmem_addr[5]   out     0.0000   0.0000   --      --      --         
dmem_addr[6]   out     0.0000   0.0000   --      --      --         
dmem_addr[7]   out     0.0000   0.0000   --      --      --         
dmem_addr[8]   out     0.0000   0.0000   --      --      --         
dmem_cen       out     0.0000   0.0000   --      --      --         
dmem_din[0]    out     0.0000   0.0000   --      --      --         
dmem_din[1]    out     0.0000   0.0000   --      --      --         
dmem_din[2]    out     0.0000   0.0000   --      --      --         
dmem_din[3]    out     0.0000   0.0000   --      --      --         
dmem_din[4]    out     0.0000   0.0000   --      --      --         
dmem_din[5]    out     0.0000   0.0000   --      --      --         
dmem_din[6]    out     0.0000   0.0000   --      --      --         
dmem_din[7]    out     0.0000   0.0000   --      --      --         
dmem_din[8]    out     0.0000   0.0000   --      --      --         
dmem_din[9]    out     0.0000   0.0000   --      --      --         
dmem_din[10]   out     0.0000   0.0000   --      --      --         
dmem_din[11]   out     0.0000   0.0000   --      --      --         
dmem_din[12]   out     0.0000   0.0000   --      --      --         
dmem_din[13]   out     0.0000   0.0000   --      --      --         
dmem_din[14]   out     0.0000   0.0000   --      --      --         
dmem_din[15]   out     0.0000   0.0000   --      --      --         
dmem_wen[0]    out     0.0000   0.0000   --      --      --         
dmem_wen[1]    out     0.0000   0.0000   --      --      --         
irq_acc[0]     out     0.0000   0.0000   --      --      --         
irq_acc[1]     out     0.0000   0.0000   --      --      --         
irq_acc[2]     out     0.0000   0.0000   --      --      --         
irq_acc[3]     out     0.0000   0.0000   --      --      --         
irq_acc[4]     out     0.0000   0.0000   --      --      --         
irq_acc[5]     out     0.0000   0.0000   --      --      --         
irq_acc[6]     out     0.0000   0.0000   --      --      --         
irq_acc[7]     out     0.0000   0.0000   --      --      --         
irq_acc[8]     out     0.0000   0.0000   --      --      --         
irq_acc[9]     out     0.0000   0.0000   --      --      --         
irq_acc[10]    out     0.0000   0.0000   --      --      --         
irq_acc[11]    out     0.0000   0.0000   --      --      --         
irq_acc[12]    out     0.0000   0.0000   --      --      --         
irq_acc[13]    out     0.0000   0.0000   --      --      --         
lfxt_enable    out     0.0000   0.0000   --      --      --         
lfxt_wkup      out     0.0000   0.0000   --      --      --         
mclk           out     0.0000   0.0000   --      --      --         
per_addr[0]    out     0.0000   0.0000   --      --      --         
per_addr[1]    out     0.0000   0.0000   --      --      --         
per_addr[2]    out     0.0000   0.0000   --      --      --         
per_addr[3]    out     0.0000   0.0000   --      --      --         
per_addr[4]    out     0.0000   0.0000   --      --      --         
per_addr[5]    out     0.0000   0.0000   --      --      --         
per_addr[6]    out     0.0000   0.0000   --      --      --         
per_addr[7]    out     0.0000   0.0000   --      --      --         
per_addr[8]    out     0.0000   0.0000   --      --      --         
per_addr[9]    out     0.0000   0.0000   --      --      --         
per_addr[10]   out     0.0000   0.0000   --      --      --         
per_addr[11]   out     0.0000   0.0000   --      --      --         
per_addr[12]   out     0.0000   0.0000   --      --      --         
per_addr[13]   out     0.0000   0.0000   --      --      --         
per_din[0]     out     0.0000   0.0000   --      --      --         
per_din[1]     out     0.0000   0.0000   --      --      --         
per_din[2]     out     0.0000   0.0000   --      --      --         
per_din[3]     out     0.0000   0.0000   --      --      --         
per_din[4]     out     0.0000   0.0000   --      --      --         
per_din[5]     out     0.0000   0.0000   --      --      --         
per_din[6]     out     0.0000   0.0000   --      --      --         
per_din[7]     out     0.0000   0.0000   --      --      --         
per_din[8]     out     0.0000   0.0000   --      --      --         
per_din[9]     out     0.0000   0.0000   --      --      --         
per_din[10]    out     0.0000   0.0000   --      --      --         
per_din[11]    out     0.0000   0.0000   --      --      --         
per_din[12]    out     0.0000   0.0000   --      --      --         
per_din[13]    out     0.0000   0.0000   --      --      --         
per_din[14]    out     0.0000   0.0000   --      --      --         
per_din[15]    out     0.0000   0.0000   --      --      --         
per_en         out     0.0000   0.0000   --      --      --         
per_we[0]      out     0.0000   0.0000   --      --      --         
per_we[1]      out     0.0000   0.0000   --      --      --         
pmem_addr[0]   out     0.0000   0.0000   --      --      --         
pmem_addr[1]   out     0.0000   0.0000   --      --      --         
pmem_addr[2]   out     0.0000   0.0000   --      --      --         
pmem_addr[3]   out     0.0000   0.0000   --      --      --         
pmem_addr[4]   out     0.0000   0.0000   --      --      --         
pmem_addr[5]   out     0.0000   0.0000   --      --      --         
pmem_addr[6]   out     0.0000   0.0000   --      --      --         
pmem_addr[7]   out     0.0000   0.0000   --      --      --         
pmem_addr[8]   out     0.0000   0.0000   --      --      --         
pmem_addr[9]   out     0.0000   0.0000   --      --      --         
pmem_addr[10]  out     0.0000   0.0000   --      --      --         
pmem_cen       out     0.0000   0.0000   --      --      --         
pmem_din[0]    out     0.0000   0.0000   --      --      --         
pmem_din[1]    out     0.0000   0.0000   --      --      --         
pmem_din[2]    out     0.0000   0.0000   --      --      --         
pmem_din[3]    out     0.0000   0.0000   --      --      --         
pmem_din[4]    out     0.0000   0.0000   --      --      --         
pmem_din[5]    out     0.0000   0.0000   --      --      --         
pmem_din[6]    out     0.0000   0.0000   --      --      --         
pmem_din[7]    out     0.0000   0.0000   --      --      --         
pmem_din[8]    out     0.0000   0.0000   --      --      --         
pmem_din[9]    out     0.0000   0.0000   --      --      --         
pmem_din[10]   out     0.0000   0.0000   --      --      --         
pmem_din[11]   out     0.0000   0.0000   --      --      --         
pmem_din[12]   out     0.0000   0.0000   --      --      --         
pmem_din[13]   out     0.0000   0.0000   --      --      --         
pmem_din[14]   out     0.0000   0.0000   --      --      --         
pmem_din[15]   out     0.0000   0.0000   --      --      --         
pmem_wen[0]    out     0.0000   0.0000   --      --      --         
pmem_wen[1]    out     0.0000   0.0000   --      --      --         
puc_rst        out     0.0000   0.0000   --      --      --         
smclk          out     0.0000   0.0000   --      --      --         
smclk_en       out     0.0000   0.0000   --      --      --         

1
