Total ECO pins found: 136
Total ECO nets found: 45
-----------------------------------
NET: clockZBUF_37
NET: eco_net
NET: clock_module_0/clock_gate_smclk/copt_net_655
NET: clock_module_0/clock_gate_smclk/eco_net
NET: dbg_0/N111
NET: dbg_0/eco_net
NET: dbg_0/dbg_uart_0/copt_net_1592
NET: dbg_0/dbg_uart_0/eco_net
NET: dbg_0/dbg_uart_0/n126
NET: dbg_0/dbg_uart_0/eco_net_0
NET: dbg_0/dbg_uart_0/n110
NET: dbg_0/dbg_uart_0/eco_net_1
NET: dbg_0/dbg_uart_0/eco_net_11_3
NET: dbg_0/dbg_uart_0/eco_net_10_2
NET: dbg_0/dbg_uart_0/eco_net_11_4
NET: dbg_0/dbg_uart_0/eco_net_10_3
NET: dbg_0/dbg_uart_0/eco_net_12_4
NET: dbg_0/dbg_uart_0/eco_net_12_5
NET: dbg_0/dbg_uart_0/eco_net_13_5
NET: dbg_0/dbg_uart_0/n135
NET: dbg_0/dbg_uart_0/eco_net_6
NET: dbg_0/dbg_uart_0/n137
NET: dbg_0/dbg_uart_0/eco_net_1_0
NET: dbg_0/dbg_uart_0/eco_net_3
NET: dbg_0/dbg_uart_0/eco_net_2
NET: dbg_0/dbg_uart_0/n100
NET: dbg_0/dbg_uart_0/eco_net_2_0
NET: dbg_0/dbg_uart_0/n108
NET: dbg_0/dbg_uart_0/eco_net_3_0
NET: dbg_0/dbg_uart_0/eco_net_5
NET: dbg_0/dbg_uart_0/eco_net_4
NET: dbg_0/dbg_uart_0/eco_net_4_0
NET: dbg_0/dbg_uart_0/n136
NET: dbg_0/dbg_uart_0/eco_net_6_1
NET: dbg_0/dbg_uart_0/eco_net_5_0
NET: dbg_0/dbg_uart_0/eco_net_7
NET: dbg_0/dbg_uart_0/eco_net_7_1
NET: dbg_0/dbg_uart_0/eco_net_6_0
NET: dbg_0/dbg_uart_0/eco_net_8_1
NET: dbg_0/dbg_uart_0/eco_net_7_0
NET: dbg_0/dbg_uart_0/eco_net_8_2
NET: dbg_0/dbg_uart_0/eco_net_9_1
NET: dbg_0/dbg_uart_0/eco_net_8_0
NET: dbg_0/dbg_uart_0/eco_net_9_2
NET: dbg_0/dbg_uart_0/eco_net_9_3
