Loading db file '/home/ICer/Mo_AZ/Common/ALL-LIBs/PDKs_30nm/hierar_NDM_sead_32/SAED32/STD/saed32rvt_tt1p05v25c.db'
Information: Propagating switching activity (low effort zero delay simulation). (PWR-6)
Warning: Design has unannotated primary inputs. (PWR-414)
Warning: Design has unannotated sequential cell outputs. (PWR-415)
 
****************************************
Report : power
        -hier
        -analysis_effort low
Design : openMSP430
Version: O-2018.06-SP1
Date   : Mon Sep  7 11:00:56 2026
****************************************


Library(s) Used:

    saed32rvt_tt1p05v25c (File: /home/ICer/Mo_AZ/Common/ALL-LIBs/PDKs_30nm/hierar_NDM_sead_32/SAED32/STD/saed32rvt_tt1p05v25c.db)


Operating Conditions: ss0p95v125c   Library: saed32rvt_ss0p95v125c
Wire Load Model Mode: enclosed

Design        Wire Load Model            Library
------------------------------------------------
openMSP430             16000             saed32rvt_tt1p05v25c
omsp_clock_module      8000              saed32rvt_tt1p05v25c
omsp_frontend          8000              saed32rvt_tt1p05v25c
omsp_execution_unit    8000              saed32rvt_tt1p05v25c
omsp_mem_backbone      8000              saed32rvt_tt1p05v25c
omsp_sfr               ForQA             saed32rvt_tt1p05v25c
omsp_watchdog          8000              saed32rvt_tt1p05v25c
omsp_multiplier        8000              saed32rvt_tt1p05v25c
omsp_dbg               8000              saed32rvt_tt1p05v25c
omsp_and_gate_0        ForQA             saed32rvt_tt1p05v25c
omsp_scan_mux_1        ForQA             saed32rvt_tt1p05v25c
omsp_sync_cell_0       ForQA             saed32rvt_tt1p05v25c
omsp_clock_gate_0      ForQA             saed32rvt_tt1p05v25c
omsp_sync_reset_0      ForQA             saed32rvt_tt1p05v25c
omsp_register_file     8000              saed32rvt_tt1p05v25c
omsp_alu               8000              saed32rvt_tt1p05v25c
omsp_wakeup_cell_0     ForQA             saed32rvt_tt1p05v25c
omsp_dbg_uart          8000              saed32rvt_tt1p05v25c
omsp_scan_mux_0        ForQA             saed32rvt_tt1p05v25c
omsp_sync_reset_1      ForQA             saed32rvt_tt1p05v25c
omsp_sync_cell_1       ForQA             saed32rvt_tt1p05v25c
omsp_sync_cell_2       ForQA             saed32rvt_tt1p05v25c
omsp_sync_cell_3       ForQA             saed32rvt_tt1p05v25c
omsp_sync_cell_4       ForQA             saed32rvt_tt1p05v25c
omsp_sync_cell_5       ForQA             saed32rvt_tt1p05v25c
omsp_sync_cell_6       ForQA             saed32rvt_tt1p05v25c
omsp_sync_cell_7       ForQA             saed32rvt_tt1p05v25c
omsp_sync_cell_8       ForQA             saed32rvt_tt1p05v25c
omsp_sync_cell_9       ForQA             saed32rvt_tt1p05v25c
omsp_sync_cell_10      ForQA             saed32rvt_tt1p05v25c
omsp_sync_cell_11      ForQA             saed32rvt_tt1p05v25c
omsp_sync_cell_12      ForQA             saed32rvt_tt1p05v25c
omsp_sync_cell_13      ForQA             saed32rvt_tt1p05v25c
omsp_sync_cell_14      ForQA             saed32rvt_tt1p05v25c
omsp_sync_cell_15      ForQA             saed32rvt_tt1p05v25c
omsp_scan_mux_2        ForQA             saed32rvt_tt1p05v25c
omsp_scan_mux_3        ForQA             saed32rvt_tt1p05v25c
omsp_scan_mux_4        ForQA             saed32rvt_tt1p05v25c
omsp_scan_mux_5        ForQA             saed32rvt_tt1p05v25c
omsp_scan_mux_6        ForQA             saed32rvt_tt1p05v25c
omsp_scan_mux_7        ForQA             saed32rvt_tt1p05v25c
omsp_scan_mux_8        ForQA             saed32rvt_tt1p05v25c
omsp_scan_mux_9        ForQA             saed32rvt_tt1p05v25c
omsp_scan_mux_10       ForQA             saed32rvt_tt1p05v25c
omsp_scan_mux_11       ForQA             saed32rvt_tt1p05v25c
omsp_scan_mux_12       ForQA             saed32rvt_tt1p05v25c
omsp_and_gate_1        ForQA             saed32rvt_tt1p05v25c
omsp_and_gate_2        ForQA             saed32rvt_tt1p05v25c
omsp_and_gate_3        ForQA             saed32rvt_tt1p05v25c
omsp_and_gate_4        ForQA             saed32rvt_tt1p05v25c
omsp_and_gate_5        ForQA             saed32rvt_tt1p05v25c
omsp_and_gate_6        ForQA             saed32rvt_tt1p05v25c
omsp_and_gate_7        ForQA             saed32rvt_tt1p05v25c
omsp_and_gate_8        ForQA             saed32rvt_tt1p05v25c
omsp_and_gate_9        ForQA             saed32rvt_tt1p05v25c
omsp_and_gate_10       ForQA             saed32rvt_tt1p05v25c
omsp_and_gate_11       ForQA             saed32rvt_tt1p05v25c
omsp_and_gate_12       ForQA             saed32rvt_tt1p05v25c
omsp_and_gate_13       ForQA             saed32rvt_tt1p05v25c
omsp_and_gate_14       ForQA             saed32rvt_tt1p05v25c
omsp_and_gate_15       ForQA             saed32rvt_tt1p05v25c
omsp_and_gate_16       ForQA             saed32rvt_tt1p05v25c
omsp_and_gate_17       ForQA             saed32rvt_tt1p05v25c
omsp_and_gate_18       ForQA             saed32rvt_tt1p05v25c
omsp_and_gate_19       ForQA             saed32rvt_tt1p05v25c
omsp_and_gate_20       ForQA             saed32rvt_tt1p05v25c
omsp_and_gate_21       ForQA             saed32rvt_tt1p05v25c
omsp_and_gate_22       ForQA             saed32rvt_tt1p05v25c
omsp_and_gate_23       ForQA             saed32rvt_tt1p05v25c
omsp_and_gate_24       ForQA             saed32rvt_tt1p05v25c
omsp_and_gate_25       ForQA             saed32rvt_tt1p05v25c
omsp_and_gate_26       ForQA             saed32rvt_tt1p05v25c
omsp_and_gate_27       ForQA             saed32rvt_tt1p05v25c
omsp_and_gate_28       ForQA             saed32rvt_tt1p05v25c
omsp_and_gate_29       ForQA             saed32rvt_tt1p05v25c
omsp_wakeup_cell_1     ForQA             saed32rvt_tt1p05v25c
omsp_clock_gate_1      ForQA             saed32rvt_tt1p05v25c
omsp_clock_gate_2      ForQA             saed32rvt_tt1p05v25c
omsp_clock_gate_3      ForQA             saed32rvt_tt1p05v25c
omsp_clock_gate_4      ForQA             saed32rvt_tt1p05v25c
omsp_clock_gate_5      ForQA             saed32rvt_tt1p05v25c
omsp_clock_gate_6      ForQA             saed32rvt_tt1p05v25c
omsp_clock_gate_7      ForQA             saed32rvt_tt1p05v25c
omsp_clock_gate_8      ForQA             saed32rvt_tt1p05v25c
omsp_clock_gate_9      ForQA             saed32rvt_tt1p05v25c
omsp_clock_gate_10     ForQA             saed32rvt_tt1p05v25c
omsp_clock_gate_11     ForQA             saed32rvt_tt1p05v25c
omsp_clock_gate_12     ForQA             saed32rvt_tt1p05v25c
omsp_clock_gate_13     ForQA             saed32rvt_tt1p05v25c
omsp_clock_gate_14     ForQA             saed32rvt_tt1p05v25c
omsp_clock_gate_15     ForQA             saed32rvt_tt1p05v25c
omsp_clock_gate_16     ForQA             saed32rvt_tt1p05v25c
omsp_clock_gate_17     ForQA             saed32rvt_tt1p05v25c
omsp_clock_gate_18     ForQA             saed32rvt_tt1p05v25c
omsp_clock_gate_19     ForQA             saed32rvt_tt1p05v25c
omsp_clock_gate_20     ForQA             saed32rvt_tt1p05v25c
omsp_clock_gate_21     ForQA             saed32rvt_tt1p05v25c
omsp_clock_gate_22     ForQA             saed32rvt_tt1p05v25c
omsp_clock_gate_23     ForQA             saed32rvt_tt1p05v25c
omsp_clock_gate_24     ForQA             saed32rvt_tt1p05v25c
omsp_clock_gate_25     ForQA             saed32rvt_tt1p05v25c
omsp_clock_gate_26     ForQA             saed32rvt_tt1p05v25c
omsp_clock_gate_27     ForQA             saed32rvt_tt1p05v25c
omsp_clock_gate_28     ForQA             saed32rvt_tt1p05v25c
omsp_clock_gate_29     ForQA             saed32rvt_tt1p05v25c
omsp_clock_gate_30     ForQA             saed32rvt_tt1p05v25c
omsp_clock_gate_31     ForQA             saed32rvt_tt1p05v25c
omsp_clock_gate_32     ForQA             saed32rvt_tt1p05v25c
omsp_clock_gate_33     ForQA             saed32rvt_tt1p05v25c
omsp_scan_mux_13       ForQA             saed32rvt_tt1p05v25c
omsp_dbg_uart_DW01_inc_0
                       ForQA             saed32rvt_tt1p05v25c
omsp_multiplier_DW01_add_0
                       ForQA             saed32rvt_tt1p05v25c
omsp_watchdog_DW01_inc_0
                       ForQA             saed32rvt_tt1p05v25c
omsp_alu_DW01_add_9    ForQA             saed32rvt_tt1p05v25c
omsp_multiplier_DW02_mult_0
                       8000              saed32rvt_tt1p05v25c
omsp_multiplier_DW01_add_1
                       ForQA             saed32rvt_tt1p05v25c


Global Operating Voltage = 0.95 
Power-specific unit information :
    Voltage Units = 1V
    Capacitance Units = 1.000000ff
    Time Units = 1ns
    Dynamic Power Units = 1uW    (derived from V,C,T units)
    Leakage Power Units = 1pW


--------------------------------------------------------------------------------
                                       Switch   Int      Leak     Total
Hierarchy                              Power    Power    Power    Power    %
--------------------------------------------------------------------------------
openMSP430                               11.633   82.220 1.37e+09 1.46e+03 100.0
  dbg_0 (omsp_dbg)                        0.260   15.680 2.29e+08  244.883  16.8
    dbg_uart_0 (omsp_dbg_uart)            0.152    8.613 1.16e+08  125.110   8.6
      add_215_S2 (omsp_dbg_uart_DW01_inc_0)
                                       3.19e-03 1.91e-02 1.03e+07   10.347   0.7
      sync_cell_uart_rxd (omsp_sync_cell_1)
                                       4.41e-03    0.211 2.00e+06    2.218   0.2
  multiplier_0 (omsp_multiplier)          0.868    6.778 1.71e+08  178.793  12.2
    mult_396 (omsp_multiplier_DW02_mult_0)
                                       8.50e-02    0.375 5.62e+07   56.671   3.9
    add_402 (omsp_multiplier_DW01_add_0)
                                       7.26e-03 5.74e-02 7.89e+06    7.953   0.5
    clock_gate_reshi (omsp_clock_gate_16)
                                          0.147 6.55e-02 1.38e+06    1.595   0.1
    clock_gate_reslo (omsp_clock_gate_17)
                                          0.147 6.55e-02 1.38e+06    1.595   0.1
    clock_gate_op2 (omsp_clock_gate_18)
                                          0.147 6.55e-02 1.38e+06    1.595   0.1
    clock_gate_op1 (omsp_clock_gate_19)
                                          0.163 6.55e-02 1.38e+06    1.612   0.1
  watchdog_0 (omsp_watchdog)              0.392    4.775 6.51e+07   70.271   4.8
    add_325 (omsp_watchdog_DW01_inc_0) 5.89e-03 3.73e-02 8.63e+06    8.674   0.6
    and_wdt_wkup (omsp_and_gate_1)     6.51e-04 3.42e-03 1.45e+05    0.149   0.0
    wakeup_cell_wdog (omsp_wakeup_cell_1)
                                       1.17e-02    0.104 1.56e+06    1.672   0.1
      scan_mux_clk (omsp_scan_mux_13)  7.79e-03 3.76e-02 1.74e+05    0.219   0.0
      scan_mux_rst (omsp_scan_mux_2)   2.04e-03 5.37e-03 2.46e+05    0.254   0.0
    sync_cell_wdt_evt (omsp_sync_cell_2)
                                       3.07e-03    0.249 1.86e+06    2.109   0.1
    clock_gate_wdtcnt (omsp_clock_gate_20)
                                          0.216 7.02e-02 1.38e+06    1.669   0.1
    sync_cell_wdtcnt_incr (omsp_sync_cell_3)
                                       4.45e-03    0.248 2.08e+06    2.334   0.2
    sync_cell_wdtcnt_clr (omsp_sync_cell_4)
                                       2.87e-03    0.247 1.84e+06    2.094   0.1
    scan_mux_wdt_rst (omsp_scan_mux_4) 5.63e-03 5.08e-03 2.48e+05    0.259   0.0
    sync_reset_por (omsp_sync_reset_1) 4.58e-03    0.317 2.18e+06    2.507   0.2
    clock_gate_wdtctl (omsp_clock_gate_21)
                                       5.78e-02 6.52e-02 1.38e+06    1.506   0.1
  sfr_0 (omsp_sfr)                     5.12e-02    1.083 1.44e+07   15.506   1.1
    and_nmi_wkup (omsp_and_gate_2)        0.000 7.01e-05 7.87e+04 7.87e-02   0.0
    sync_cell_nmi (omsp_sync_cell_5)   4.46e-03    0.251 2.08e+06    2.337   0.2
    wakeup_cell_nmi (omsp_wakeup_cell_0)
                                       1.37e-02    0.118 1.54e+06    1.674   0.1
      scan_mux_clk (omsp_scan_mux_0)   8.54e-03 4.12e-02 1.74e+05    0.224   0.0
      scan_mux_rst (omsp_scan_mux_3)   2.04e-03 5.37e-03 2.46e+05    0.254   0.0
  mem_backbone_0 (omsp_mem_backbone)      0.576    5.190 8.20e+07   87.810   6.0
    clock_gate_bckup (omsp_clock_gate_22)
                                          0.151 6.86e-02 1.38e+06    1.603   0.1
  execution_unit_0 (omsp_execution_unit)
                                          4.039   26.651 5.22e+08  552.313  37.8
    clock_gate_mdb_in_buf (omsp_clock_gate_23)
                                          0.148 6.64e-02 1.38e+06    1.598   0.1
    clock_gate_mdb_out_nxt (omsp_clock_gate_24)
                                          0.157 7.20e-02 1.38e+06    1.612   0.1
    alu_0 (omsp_alu)                      0.591    1.818 6.69e+07   69.303   4.7
      add_171 (omsp_alu_DW01_add_9)       0.119    0.409 7.16e+06    7.690   0.5
    register_file_0 (omsp_register_file)
                                          2.782   20.983 3.83e+08  407.173  27.9
      clock_gate_r15 (omsp_clock_gate_1)
                                          0.147 6.53e-02 1.38e+06    1.595   0.1
      clock_gate_r14 (omsp_clock_gate_2)
                                          0.147 6.53e-02 1.38e+06    1.595   0.1
      clock_gate_r13 (omsp_clock_gate_3)
                                          0.147 6.53e-02 1.38e+06    1.595   0.1
      clock_gate_r12 (omsp_clock_gate_4)
                                          0.147 6.53e-02 1.38e+06    1.595   0.1
      clock_gate_r11 (omsp_clock_gate_5)
                                          0.147 6.53e-02 1.38e+06    1.595   0.1
      clock_gate_r10 (omsp_clock_gate_6)
                                          0.147 6.53e-02 1.38e+06    1.595   0.1
      clock_gate_r9 (omsp_clock_gate_7)
                                          0.147 6.53e-02 1.38e+06    1.595   0.1
      clock_gate_r8 (omsp_clock_gate_8)
                                          0.147 6.53e-02 1.38e+06    1.595   0.1
      clock_gate_r7 (omsp_clock_gate_9)
                                          0.147 6.53e-02 1.38e+06    1.595   0.1
      clock_gate_r6 (omsp_clock_gate_10)
                                          0.147 6.53e-02 1.38e+06    1.595   0.1
      clock_gate_r5 (omsp_clock_gate_11)
                                          0.147 6.53e-02 1.38e+06    1.595   0.1
      clock_gate_r4 (omsp_clock_gate_12)
                                          0.147 6.52e-02 1.38e+06    1.595   0.1
      clock_gate_r3 (omsp_clock_gate_13)
                                          0.147 6.52e-02 1.38e+06    1.595   0.1
      clock_gate_r2 (omsp_clock_gate_14)
                                       9.39e-02 6.93e-02 1.38e+06    1.546   0.1
      clock_gate_r1 (omsp_clock_gate_15)
                                          0.139 6.53e-02 1.38e+06    1.587   0.1
  frontend_0 (omsp_frontend)              1.708   13.125 2.01e+08  215.531  14.8
    clock_gate_decode (omsp_clock_gate_25)
                                          0.436 7.03e-02 1.38e+06    1.890   0.1
    clock_gate_inst_dext (omsp_clock_gate_26)
                                          0.148 6.61e-02 1.38e+06    1.597   0.1
    clock_gate_inst_sext (omsp_clock_gate_27)
                                          0.149 6.69e-02 1.38e+06    1.599   0.1
    clock_gate_pc (omsp_clock_gate_28)    0.195 7.67e-02 1.38e+06    1.656   0.1
    and_mclk_dma_wkup (omsp_and_gate_3)
                                       2.74e-03 3.64e-03 1.89e+05    0.196   0.0
    and_mclk_wkup (omsp_and_gate_4)    1.17e-05 1.62e-04 9.49e+04 9.50e-02   0.0
    and_mirq_wkup (omsp_and_gate_5)    4.79e-06 1.18e-04 2.09e+05    0.209   0.0
    clock_gate_irq_num (omsp_clock_gate_29)
                                       4.97e-02 6.53e-02 1.38e+06    1.498   0.1
  clock_module_0 (omsp_clock_module)      3.725    8.880 7.56e+07   88.237   6.0
    scan_mux_puc_rst (omsp_scan_mux_5) 1.80e-02 8.08e-03 4.05e+05    0.432   0.0
    sync_cell_puc (omsp_sync_cell_6)   4.43e-03    0.250 2.16e+06    2.413   0.2
    scan_mux_puc_rst_a (omsp_scan_mux_6)
                                       1.82e-03 5.52e-03 2.36e+05    0.243   0.0
    scan_mux_dbg_rst (omsp_scan_mux_7) 3.98e-03 5.82e-03 2.47e+05    0.257   0.0
    scan_mux_por (omsp_scan_mux_8)     6.95e-03 5.34e-03 2.37e+05    0.249   0.0
    sync_reset_por (omsp_sync_reset_0) 4.81e-03    0.428 2.24e+06    2.674   0.2
    clock_gate_dbg_clk (omsp_clock_gate_30)
                                          1.565 8.03e-02 1.38e+06    3.030   0.2
    clock_gate_smclk (omsp_clock_gate_31)
                                          0.132 9.07e-02 1.41e+06    1.635   0.1
    sync_cell_smclk_dma_wkup (omsp_sync_cell_7)
                                       3.07e-03    0.335 1.84e+06    2.173   0.1
    clock_gate_aclk (omsp_clock_gate_32)
                                       2.36e-02 8.19e-02 1.41e+06    1.518   0.1
    sync_cell_aclk_dma_wkup (omsp_sync_cell_8)
                                       2.88e-03    0.335 1.83e+06    2.163   0.1
    sync_cell_oscoff (omsp_sync_cell_9)
                                       2.89e-03    0.335 1.83e+06    2.167   0.1
    scan_mux_puc_lfxt (omsp_scan_mux_9)
                                       3.48e-03 5.17e-03 2.41e+05    0.250   0.0
    sync_cell_puc_lfxt (omsp_sync_cell_10)
                                       4.63e-03    0.334 2.16e+06    2.501   0.2
    clock_gate_dma_mclk (omsp_clock_gate_33)
                                          0.858 9.38e-02 1.41e+06    2.364   0.2
    clock_gate_mclk (omsp_clock_gate_0)
                                          0.853 9.38e-02 1.41e+06    2.359   0.2
    sync_cell_mclk_wkup (omsp_sync_cell_11)
                                       3.08e-03    0.335 1.84e+06    2.174   0.1
    sync_cell_mclk_dma_wkup (omsp_sync_cell_12)
                                       3.07e-03    0.335 1.84e+06    2.173   0.1
    sync_cell_cpu_aux_en (omsp_sync_cell_13)
                                       4.32e-03    0.334 2.07e+06    2.413   0.2
    and_lfxt_wkup (omsp_and_gate_6)    1.13e-05 4.49e-03 2.19e+05    0.223   0.0
    sync_cell_lfxt_wkup (omsp_sync_cell_14)
                                       5.86e-03    0.334 2.17e+06    2.505   0.2
    scan_mux_lfxt_wkup_observe (omsp_scan_mux_10)
                                       1.75e-03 5.62e-03 2.02e+05    0.210   0.0
    scan_mux_lfxt_wkup (omsp_scan_mux_11)
                                       2.06e-03 6.53e-03 2.42e+05    0.250   0.0
    and_lfxt_en_wkup (omsp_and_gate_7) 9.41e-04 4.42e-03 2.62e+05    0.267   0.0
    and_lfxt_mclk_wkup (omsp_and_gate_8)
                                          0.000 4.92e-07 5.95e+04 5.95e-02   0.0
    sync_cell_lfxt_disable (omsp_sync_cell_15)
                                       4.02e-03    0.335 1.99e+06    2.333   0.2
    and_lfxt_dis5 (omsp_and_gate_9)    1.31e-03 3.39e-03 2.84e+05    0.289   0.0
    and_lfxt_dis4 (omsp_and_gate_10)   8.84e-04 3.72e-03 1.90e+05    0.194   0.0
    and_lfxt_dis3 (omsp_and_gate_11)   3.31e-06 1.55e-04 9.47e+04 9.49e-02   0.0
    and_lfxt_dis2 (omsp_and_gate_12)   6.94e-04 3.81e-03 2.01e+05    0.205   0.0
    and_lfxt_dis1 (omsp_and_gate_13)      0.000 7.79e-07 5.93e+04 5.93e-02   0.0
    and_dco_wkup (omsp_and_gate_14)    1.14e-05 4.53e-03 2.16e+05    0.221   0.0
    sync_cell_dco_wkup (omsp_sync_cell_0)
                                       5.98e-03    0.334 2.17e+06    2.513   0.2
    scan_mux_dco_wkup_observe (omsp_scan_mux_12)
                                       1.67e-03 5.21e-03 2.00e+05    0.207   0.0
    scan_mux_dco_wkup (omsp_scan_mux_1)
                                       2.08e-03 6.66e-03 2.41e+05    0.250   0.0
    and_dco_en_wkup (omsp_and_gate_15) 9.20e-04 4.33e-03 2.59e+05    0.264   0.0
    and_dco_mclk_wkup (omsp_and_gate_16)
                                       4.24e-06 2.35e-05 1.30e+05    0.130   0.0
    and_dco_dis5 (omsp_and_gate_17)    1.31e-03 3.40e-03 2.84e+05    0.289   0.0
    and_dco_dis4 (omsp_and_gate_18)    8.84e-04 3.72e-03 1.90e+05    0.194   0.0
    and_dco_dis3 (omsp_and_gate_19)    4.41e-06 1.60e-04 9.46e+04 9.48e-02   0.0
    and_dco_dis2 (omsp_and_gate_20)    6.97e-04 3.83e-03 2.01e+05    0.205   0.0
    and_dco_dis1 (omsp_and_gate_21)    4.46e-06 1.94e-05 2.97e+05    0.297   0.0
    and_oscoff_mclk_dma_wkup (omsp_and_gate_22)
                                          0.000 1.36e-04 7.66e+04 7.67e-02   0.0
    and_oscoff_mclk_dma_en (omsp_and_gate_23)
                                          0.000 1.37e-04 7.72e+04 7.74e-02   0.0
    and_scg1_mclk_dma_wkup (omsp_and_gate_24)
                                          0.000 1.36e-04 7.66e+04 7.67e-02   0.0
    and_scg1_mclk_dma_en (omsp_and_gate_25)
                                          0.000 1.37e-04 7.72e+04 7.74e-02   0.0
    and_scg0_mclk_dma_wkup (omsp_and_gate_26)
                                          0.000 1.36e-04 7.66e+04 7.67e-02   0.0
    and_scg0_mclk_dma_en (omsp_and_gate_27)
                                          0.000 1.37e-04 7.72e+04 7.74e-02   0.0
    and_cpuoff_mclk_dma_wkup (omsp_and_gate_28)
                                          0.000 1.36e-04 7.66e+04 7.67e-02   0.0
    and_cpuoff_mclk_dma_en (omsp_and_gate_29)
                                          0.000 1.37e-04 7.72e+04 7.74e-02   0.0
    and_cpuoff_mclk_en (omsp_and_gate_0)
                                       7.69e-06 1.57e-04 9.47e+04 9.49e-02   0.0
1
