 
****************************************
Report : qor
Design : openMSP430
Version: O-2018.06-SP1
Date   : Mon Sep  7 11:00:55 2026
****************************************


  Timing Path Group 'FEEDTHROUGH'
  -----------------------------------
  Levels of Logic:              52.00
  Critical Path Length:          2.80
  Critical Path Slack:          34.31
  Critical Path Clk Period:     40.00
  Total Negative Slack:          0.00
  No. of Violating Paths:        0.00
  Worst Hold Violation:          0.00
  Total Hold Violation:          0.00
  No. of Hold Violations:        0.00
  -----------------------------------

  Timing Path Group 'REGIN'
  -----------------------------------
  Levels of Logic:              53.00
  Critical Path Length:          2.75
  Critical Path Slack:          15.00
  Critical Path Clk Period:     40.00
  Total Negative Slack:          0.00
  No. of Violating Paths:        0.00
  Worst Hold Violation:          0.00
  Total Hold Violation:          0.00
  No. of Hold Violations:        0.00
  -----------------------------------

  Timing Path Group 'REGOUT'
  -----------------------------------
  Levels of Logic:              59.00
  Critical Path Length:          3.25
  Critical Path Slack:          36.11
  Critical Path Clk Period:     40.00
  Total Negative Slack:          0.00
  No. of Violating Paths:        0.00
  Worst Hold Violation:          0.00
  Total Hold Violation:          0.00
  No. of Hold Violations:        0.00
  -----------------------------------

  Timing Path Group 'dco_clk'
  -----------------------------------
  Levels of Logic:              60.00
  Critical Path Length:          3.20
  Critical Path Slack:          16.80
  Critical Path Clk Period:     40.00
  Total Negative Slack:          0.00
  No. of Violating Paths:        0.00
  Worst Hold Violation:          0.00
  Total Hold Violation:          0.00
  No. of Hold Violations:        0.00
  -----------------------------------

  Timing Path Group 'lfxt_clk'
  -----------------------------------
  Levels of Logic:               4.00
  Critical Path Length:          0.27
  Critical Path Slack:          19.73
  Critical Path Clk Period:     40.00
  Total Negative Slack:          0.00
  No. of Violating Paths:        0.00
  Worst Hold Violation:          0.00
  Total Hold Violation:          0.00
  No. of Hold Violations:        0.00
  -----------------------------------


  Cell Count
  -----------------------------------
  Hierarchical Cell Count:        115
  Hierarchical Port Count:       2383
  Leaf Cell Count:               4362
  Buf/Inv Cell Count:             522
  Buf Cell Count:                  67
  Inv Cell Count:                 455
  CT Buf/Inv Cell Count:           36
  Combinational Cell Count:      3591
  Sequential Cell Count:          771
  Macro Count:                      0
  -----------------------------------


  Area
  -----------------------------------
  Combinational Area:     9094.034804
  Noncombinational Area:  5420.891611
  Buf/Inv Area:            721.006536
  Total Buffer Area:           138.25
  Total Inverter Area:         582.75
  Macro/Black Box Area:      0.000000
  Net Area:               3353.119056
  -----------------------------------
  Cell Area:             14514.926415
  Design Area:           17868.045471


  Design Rules
  -----------------------------------
  Total Number of Nets:          4898
  Nets With Violations:             0
  Max Trans Violations:             0
  Max Cap Violations:               0
  -----------------------------------


  Hostname: IC_EDA

  Compile CPU Statistics
  -----------------------------------------
  Resource Sharing:                    2.60
  Logic Optimization:                  2.57
  Mapping Optimization:                3.80
  -----------------------------------------
  Overall Compile Time:               13.86
  Overall Compile Wall Clock Time:    14.72

  --------------------------------------------------------------------

  Design  WNS: 0.00  TNS: 0.00  Number of Violating Paths: 0


  Design (Hold)  WNS: 0.00  TNS: 0.00  Number of Violating Paths: 0

  --------------------------------------------------------------------


1
