****************************************
Report : check_mv_design
Design : openMSP430
Version: O-2018.06-SP1
Date   : Fri Sep 11 21:19:50 2026
****************************************

---------- Power domain rule ----------
No errors or warnings.

---------- Supply set rule ----------
No errors or warnings.

---------- Supply net rule ----------
No errors or warnings.

---------- Supply port rule ----------
No errors or warnings.

---------- Isolation strategy rule ----------
No errors or warnings.

---------- Level shifter strategy rule ----------
No errors or warnings.

---------- Retention strategy rule ----------
No errors or warnings.

---------- Power switch strategy rule ----------
No errors or warnings.

---------- Repeater rule ----------
No errors or warnings.

---------- Terminal boundary rule ----------
No errors or warnings.

---------- Isolation cell rule ----------
No errors or warnings.

---------- Level shifter cell rule ----------
No errors or warnings.

---------- Retention cell rule ----------
No errors or warnings.

---------- Switch cell rule ----------
No errors or warnings.

---------- Diode cell rule ----------
No errors or warnings.

---------- Model rule ----------
No errors or warnings.

---------- Isolation rule ----------
No errors or warnings.

---------- Voltage shifting rule ----------
No errors or warnings.

---------- Analog net rule ----------
No errors or warnings.

---------- Tie-off connection rule ----------
Warning: The tie-off connection 'aclk_en' has not been implemented. (MV-027)
Warning: The tie-off connection 'per_addr[13]' has not been implemented. (MV-027)
Warning: The tie-off connection '*Logic0*' has not been implemented. (MV-027)
Warning: The tie-off connection '*Logic1*' has not been implemented. (MV-027)
Warning: The tie-off connection 'clock_module_0/*Logic1*' has not been implemented. (MV-027)
Warning: The tie-off connection 'clock_module_0/*Logic0*' has not been implemented. (MV-027)
Warning: The tie-off connection 'clock_module_0/sync_reset_por/*Logic0*' has not been implemented. (MV-027)
Warning: The tie-off connection 'sfr_0/wakeup_cell_nmi/*Logic1*' has not been implemented. (MV-027)
Warning: The tie-off connection 'watchdog_0/sync_reset_por/*Logic0*' has not been implemented. (MV-027)
Warning: The tie-off connection 'watchdog_0/wakeup_cell_wdog/*Logic1*' has not been implemented. (MV-027)
Information: Total 10 MV-027 violations. (MV-080)

---------- Physical block pin rule ----------
No errors or warnings.

---------- PG pin rule ----------
No errors or warnings.

---------- Signal pin rule ----------
No errors or warnings.

---------- Summary ----------
Information: Total 0 error(s) and 10 warning(s) from check_mv_design. (MV-082)
1
