****************************************
Report : constraint
        -all_violators
Design : openMSP430
Version: O-2018.06-SP1
Date   : Sat Sep 26 03:33:10 2026
****************************************

   late_timing
   -----------

Begin building search trees for block openMSP430.ndm:temp_finish_ends.design
Done building search trees for block openMSP430.ndm:temp_finish_ends.design (time 0s)
Information: The stitching and editing of coupling caps is turned OFF for design 'openMSP430.ndm:temp_finish_ends.design'. (TIM-125)
Information: Design temp_finish_ends has 4997 nets, 0 global routed, 4995 detail routed. (NEX-024)
Warning: Technology layer 'M8' setting 'routing-direction' is not valid (NEX-001)
Warning: Technology layer 'M9' setting 'routing-direction' is not valid (NEX-001)
Warning: Technology layer 'MRDL' setting 'routing-direction' is not valid (NEX-001)
Information: The RC mode used is DR for design 'openMSP430'. (NEX-022)
---extraction options---
Corner: slow
 late_cap_scale                : 1
 late_res_scale                : 1
 early_cap_scale               : 1
 early_res_scale               : 1
Corner: fast
 late_cap_scale                : 1
 late_res_scale                : 1
 early_cap_scale               : 1
 early_res_scale               : 1
Global options:
 reference_direction       : use_from_tluplus
 real_metalfill_extraction : none
 virtual_shield_extraction : true
---app options---
 host.max_cores                   : 1
 extract.connect_open           : true
 extract.incremental_extraction : true
 extract.enable_coupling_cap    : false
Extracting design: temp_finish_ends 
Information: coupling capacitance is lumped to ground. (NEX-030)
Information: 4995 nets are successfully extracted. (NEX-028)
Information: Advanced receiver model has not been enabled for detailed routed design. (TIM-204)
Information: Update timing completed net estimation for all the timing graph nets (TIM-111)
Information: Net estimation statistics: timing graph nets = 4995, routed nets = 4995, across physical hierarchy nets = 0, parasitics cached nets = 4995, delay annotated nets = 0, parasitics annotated nets = 0, multi-voltage nets = 0. (TIM-112)
Endpoint                         Path Delay     Path Required       CRP    Slack Group    Scenario
----------------------------------------------------------------------------------------------------------
No paths.

   early_timing
   -----------

Endpoint                         Path Delay     Path Required       CRP    Slack Group    Scenario
----------------------------------------------------------------------------------------------------------
No paths.

   Mode: func Corner: slow
   Scenario: func_slow
  ---------------------------------------------------------------------------
   Number of max_transition violation(s): 0

   Mode: func Corner: slow
   Scenario: func_slow
   max_capacitance                                                             
                             Required        Actual                            
   Net                      Capacitance    Capacitance       Slack  Violation  
  ---------------------------------------------------------------------------
   clock_module_0/placeHFSNET_30
                                8.00           8.20          -0.20  (VIOLATED) 
     PIN : clock_module_0/placeHFSINV_573_42/Y
                                8.00           8.20          -0.20  (VIOLATED) 

   fe_mdb_in[1]                16.00          16.19          -0.19  (VIOLATED) 
     PIN : mem_backbone_0/U84/Y
                               16.00          16.19          -0.19  (VIOLATED) 

   dmem_din[4]                  8.00           8.07          -0.07  (VIOLATED) 
     PIN : mem_backbone_0/U132/Y
                                8.00           8.07          -0.07  (VIOLATED) 

   execution_unit_0/op_src[3]
                                8.00           8.06          -0.06  (VIOLATED) 
     PIN : execution_unit_0/U59/Y
                                8.00           8.06          -0.06  (VIOLATED) 

   execution_unit_0/alu_0/add_1_root_add_100_2_C188/B[2]
                                8.00           8.05          -0.05  (VIOLATED) 
     PIN : execution_unit_0/alu_0/U273/Y
                                8.00           8.05          -0.05  (VIOLATED) 

  ---------------------------------------------------------------------------
   Number of max_capacitance violation(s): 5


   Mode: func Corner: slow
   Scenario: func_slow
  ---------------------------------------------------------------------------
   Number of min_capacitance violation(s): 0

   Total number of violation(s): 5
1
