Using libraries: openMSP430.ndm saed32rvt_c
Visiting block openMSP430.ndm:temp_finish_ends.design
Design 'openMSP430' was successfully linked.
****************************************
Report : constraint
        -all_violators
Design : openMSP430
Version: O-2018.06-SP1
Date   : Sat Sep 26 03:32:56 2026
****************************************

   late_timing
   -----------

************************************************************
Timer Settings:
Delay Calculation Style:                   auto
Signal Integrity Analysis:                 disabled
Timing Window Analysis:                    disabled
Advanced Waveform Propagation:             disabled
Variation Type:                            fixed_derate
Clock Reconvergence Pessimism Removal:     disabled
Advanced Receiver Model:                   disabled
************************************************************
Information: Corner fast: no PVT mismatches. (PVT-032)
Information: Corner slow: no PVT mismatches. (PVT-032)
Information: The stitching and editing of coupling caps is turned OFF for design 'openMSP430.ndm:temp_finish_ends.design'. (TIM-125)
Information: Design temp_finish_ends has 4997 nets, 0 global routed, 4995 detail routed. (NEX-024)
Warning: Technology layer 'M8' setting 'routing-direction' is not valid (NEX-001)
Warning: Technology layer 'M9' setting 'routing-direction' is not valid (NEX-001)
Warning: Technology layer 'MRDL' setting 'routing-direction' is not valid (NEX-001)
Begin building search trees for block openMSP430.ndm:temp_finish_ends.design
Done building search trees for block openMSP430.ndm:temp_finish_ends.design (time 0s)
Information: The RC mode used is DR for design 'openMSP430'. (NEX-022)
---extraction options---
Corner: slow
 late_cap_scale                : 1
 late_res_scale                : 1
 early_cap_scale               : 1
 early_res_scale               : 1
Corner: fast
 late_cap_scale                : 1
 late_res_scale                : 1
 early_cap_scale               : 1
 early_res_scale               : 1
Global options:
 reference_direction       : use_from_tluplus
 real_metalfill_extraction : none
 virtual_shield_extraction : true
---app options---
 host.max_cores                   : 1
 extract.connect_open           : true
 extract.incremental_extraction : true
 extract.enable_coupling_cap    : false
Extracting design: temp_finish_ends 
Information: coupling capacitance is lumped to ground. (NEX-030)
Information: 4995 nets are successfully extracted. (NEX-028)
Information: Advanced receiver model has not been enabled for detailed routed design. (TIM-204)
Information: Update timing completed net estimation for all the timing graph nets (TIM-111)
Information: Net estimation statistics: timing graph nets = 4995, routed nets = 4995, across physical hierarchy nets = 0, parasitics cached nets = 4995, delay annotated nets = 0, parasitics annotated nets = 0, multi-voltage nets = 0. (TIM-112)
Endpoint                         Path Delay     Path Required       CRP    Slack Group    Scenario
----------------------------------------------------------------------------------------------------------
No paths.

   early_timing
   -----------

Endpoint                         Path Delay     Path Required       CRP    Slack Group    Scenario
----------------------------------------------------------------------------------------------------------
No paths.

   Mode: func Corner: slow
   Scenario: func_slow
  ---------------------------------------------------------------------------
   Number of max_transition violation(s): 0

   Mode: func Corner: slow
   Scenario: func_slow
  ---------------------------------------------------------------------------
   Number of max_capacitance violation(s): 0


   Mode: func Corner: slow
   Scenario: func_slow
  ---------------------------------------------------------------------------
   Number of min_capacitance violation(s): 0

   Total number of violation(s): 0
1
