****************************************
Report : power
        -significant_digits 2
Design : openMSP430
Version: O-2018.06-SP1
Date   : Sat Sep 26 03:33:53 2026
****************************************
Information: Doing activity propagation for mode 'func' and corner 'slow' with effort level 'medium'. (POW-024)
Information: Timer-derived activity data is cached on scenario func_slow (POW-052)
Scenario func_slow, iteration 1: expecting at least 5
Scenario func_slow, iteration 2: expecting at least 6
Scenario func_slow, iteration 3: expecting at least 6
Scenario func_slow, iteration 4: expecting at least 6
Scenario func_slow, iteration 5: expecting at least 6
Scenario func_slow, iteration 6: expecting at least 6
Mode: func
Corner: slow
Scenario: func_slow
Voltage: 0.95
Temperature: 125.00

Voltage Unit         : 1V
Capacitance Unit     : 1fF
Time Unit            : 1ns
Temperature Unit     : 1C
Dynamic Power Unit   : 1pW
Leakage Power Unit   : 1pW

Switched supply net power scaling:
scaling for leakage power

Supply nets:
VDD (power) probability 1.00 (default)
VSS (ground) probability 1.00 (default)
Warning: Power table extrapolation (extrapolation mode) for port D on cell clock_module_0/dbg_rst_noscan_reg for parameter Tinp. Lowest table value = inf, highest table value = inf, value = 0.067749 (POW-046)
Warning: Power table extrapolation (extrapolation mode) for port CLK on cell clock_module_0/dbg_rst_noscan_reg for parameter Tinp. Lowest table value = 0.016000, highest table value = 1.024000, value = 0.000000 (POW-046)
Warning: Power table extrapolation (extrapolation mode) for port Q on cell clock_module_0/dbg_rst_noscan_reg for parameter Tinp. Lowest table value = 0.016000, highest table value = 1.024000, value = 0.000000 (POW-046)
Warning: Power table extrapolation (extrapolation mode) for port QN on cell clock_module_0/dbg_rst_noscan_reg for parameter Tinp. Lowest table value = 0.016000, highest table value = 1.024000, value = 0.000000 (POW-046)
Warning: Power table extrapolation (extrapolation mode) for port QN on cell clock_module_0/dbg_rst_noscan_reg for parameter Cout. Lowest table value = 0.000100, highest table value = 0.008000, value = 0.000000 (POW-046)
Warning: Power table extrapolation (extrapolation mode) for port CLK on cell clock_module_0/bcsctl1_reg[5] for parameter Tinp. Lowest table value = 0.016000, highest table value = 1.024000, value = 0.000000 (POW-046)
Warning: Fall toggles on pin clock_module_0/bcsctl1_reg[5]/QN are impossible given input states; converted to rise toggles. (POW-069)
Warning: Power table extrapolation (extrapolation mode) for port QN on cell clock_module_0/bcsctl1_reg[5] for parameter Tinp. Lowest table value = 0.016000, highest table value = 1.024000, value = 0.000000 (POW-046)
Warning: Power table extrapolation (extrapolation mode) for port QN on cell clock_module_0/bcsctl1_reg[5] for parameter Cout. Lowest table value = 0.000100, highest table value = 0.008000, value = 0.000000 (POW-046)
Warning: Power table extrapolation (extrapolation mode) for port CLK on cell clock_module_0/divax_s_reg[1] for parameter Tinp. Lowest table value = 0.016000, highest table value = 1.024000, value = 0.000000 (POW-046)
Warning: Fall toggles on pin clock_module_0/divax_s_reg[1]/QN are impossible given input states; converted to rise toggles. (POW-069)
Warning: Power table extrapolation (extrapolation mode) for port QN on cell clock_module_0/divax_s_reg[1] for parameter Tinp. Lowest table value = 0.016000, highest table value = 1.024000, value = 0.000000 (POW-046)
Note - message 'POW-046' limit (10) exceeded. Remainder will be suppressed.
Warning: Fall toggles on pin clock_module_0/bcsctl1_reg[4]/QN are impossible given input states; converted to rise toggles. (POW-069)
Warning: Fall toggles on pin clock_module_0/divax_s_reg[0]/QN are impossible given input states; converted to rise toggles. (POW-069)
Warning: Fall toggles on pin clock_module_0/divax_ss_reg[0]/QN are impossible given input states; converted to rise toggles. (POW-069)
Warning: Fall toggles on pin clock_module_0/bcsctl1_reg[3]/QN are impossible given input states; converted to rise toggles. (POW-069)
Warning: Fall toggles on pin clock_module_0/bcsctl1_reg[2]/QN are impossible given input states; converted to rise toggles. (POW-069)
Warning: Fall toggles on pin clock_module_0/bcsctl1_reg[1]/QN are impossible given input states; converted to rise toggles. (POW-069)
Warning: Fall toggles on pin clock_module_0/bcsctl1_reg[0]/QN are impossible given input states; converted to rise toggles. (POW-069)
Warning: Fall toggles on pin clock_module_0/bcsctl2_reg[5]/QN are impossible given input states; converted to rise toggles. (POW-069)
Note - message 'POW-069' limit (10) exceeded. Remainder will be suppressed.

  Cell Internal Power    = 7.65e+07 pW ( 70.1%)
  Net Switching Power    = 3.26e+07 pW ( 29.9%)
Total Dynamic Power      = 1.09e+08 pW (100.0%)

Cell Leakage Power       = 8.78e+08 pW


  Attributes
  ----------
      u  -  User defined power group

Power Group         Internal Power        Switching Power          Leakage Power            Total Power    (   %  )    Attrs
-----------------------------------------------------------------------------------------------------------------------------
io_pad                    0.00e+00               0.00e+00               0.00e+00               0.00e+00    (  0.0%)      
memory                    0.00e+00               0.00e+00               0.00e+00               0.00e+00    (  0.0%)      
black_box                 0.00e+00               0.00e+00               0.00e+00               0.00e+00    (  0.0%)      
clock_network             6.68e+07               2.13e+07               3.05e+07               1.19e+08    ( 12.0%)      
register                  2.20e+06               1.05e+06               3.70e+08               3.73e+08    ( 37.8%)      
sequential                0.00e+00               0.00e+00               0.00e+00               0.00e+00    (  0.0%)      
combinational             7.49e+06               1.03e+07               4.77e+08               4.95e+08    ( 50.1%)      
-----------------------------------------------------------------------------------------------------------------------------
Total                     7.65e+07 pW            3.26e+07 pW            8.78e+08 pW            9.87e+08 pW
1
