****************************************
Report : reference
Design : openMSP430
Version: O-2018.06-SP1
Date   : Sat Sep 26 03:33:56 2026
****************************************

Attributes
    b - black-box (unknown)
    h - hierarchical
    n - noncombinational
    u - contains unmapped logic
    E - extracted timing model
    Q - Quick timing model (QTM)
    s - synthetic operator


Reference          Library       Unit Area   Count    Total Area   Attributes
--------------------------------------------------------------------------------
AND2X1_RVT         saed32rvt_c        2.03       1          2.03   
AND2X2_RVT         saed32rvt_c        2.29       1          2.29   
DELLN2X2_RVT       saed32rvt_c        6.61       1          6.61   
IBUFFX2_RVT        saed32rvt_c        2.54       1          2.54   
IBUFFX8_RVT        saed32rvt_c        4.32       1          4.32   
INVX0_RVT          saed32rvt_c        1.27      10         12.71   
INVX16_RVT         saed32rvt_c        5.08       1          5.08   
INVX1_RVT          saed32rvt_c        1.27       9         11.44   
INVX2_RVT          saed32rvt_c        1.52       3          4.57   
INVX4_RVT          saed32rvt_c        2.03       3          6.10   
INVX8_RVT          saed32rvt_c        3.05       8         24.40   
NAND2X0_RVT        saed32rvt_c        1.52       6          9.15   
NAND2X2_RVT        saed32rvt_c        2.80       4         11.18   
NBUFFX16_RVT       saed32rvt_c        6.10       2         12.20   
NBUFFX2_RVT        saed32rvt_c        2.03      52        105.72   
NBUFFX4_RVT        saed32rvt_c        2.54      28         71.16   
NBUFFX8_RVT        saed32rvt_c        3.81       2          7.62   
NOR3X0_RVT         saed32rvt_c        2.80       3          8.39   
NOR3X2_RVT         saed32rvt_c        3.05       1          3.05   
OR3X1_RVT          saed32rvt_c        2.54      14         35.58   
OR3X2_RVT          saed32rvt_c        2.54       2          5.08   
SHFILL1_RVT        saed32rvt_c        0.25   77639      19731.49   
omsp_clock_module                   860.02       1        860.02   h
omsp_dbg                           2566.60       1       2566.60   h
omsp_execution_unit                5410.98       1       5410.98   h
omsp_frontend                      2140.91       1       2140.91   h
omsp_mem_backbone                  1058.26       1       1058.26   h
omsp_multiplier                    2385.90       1       2385.90   h
omsp_sfr                            161.38       1        161.38   h
omsp_watchdog                       543.36       1        543.36   h
--------------------------------------------------------------------------------
Total 30 references                                     35210.13
1
