****************************************
Report : net
Design : openMSP430
Version: O-2018.06-SP1
Date   : Fri Sep 11 21:19:39 2026
****************************************

Attributes
    d - user dont_touch
    D - derived dont_touch


Net                 Fanout    Fanin   Pins         Attributes
--------------------------------------------------------------------------------
*Logic0*                81        0     81         
*Logic1*                 7        0      7         
SYNOPSYS_UNCONNECTED_1      0     0      0         
SYNOPSYS_UNCONNECTED_10      0     0     0         
SYNOPSYS_UNCONNECTED_11      2     1     3         
SYNOPSYS_UNCONNECTED_12      0     0     0         
SYNOPSYS_UNCONNECTED_13      0     0     0         
SYNOPSYS_UNCONNECTED_14      0     0     0         
SYNOPSYS_UNCONNECTED_15      0     0     0         
SYNOPSYS_UNCONNECTED_16      0     0     0         
SYNOPSYS_UNCONNECTED_17      0     0     0         
SYNOPSYS_UNCONNECTED_18      0     0     0         
SYNOPSYS_UNCONNECTED_19      0     0     0         
SYNOPSYS_UNCONNECTED_2      0     0      0         
SYNOPSYS_UNCONNECTED_20      0     0     0         
SYNOPSYS_UNCONNECTED_21      0     0     0         
SYNOPSYS_UNCONNECTED_22      0     0     0         
SYNOPSYS_UNCONNECTED_23      0     0     0         
SYNOPSYS_UNCONNECTED_24      0     0     0         
SYNOPSYS_UNCONNECTED_25      0     0     0         
SYNOPSYS_UNCONNECTED_26      0     0     0         
SYNOPSYS_UNCONNECTED_27      0     0     0         
SYNOPSYS_UNCONNECTED_28      0     0     0         
SYNOPSYS_UNCONNECTED_29      0     0     0         
SYNOPSYS_UNCONNECTED_3      0     0      0         
SYNOPSYS_UNCONNECTED_30      0     0     0         
SYNOPSYS_UNCONNECTED_31      0     0     0         
SYNOPSYS_UNCONNECTED_32      0     0     0         
SYNOPSYS_UNCONNECTED_33      0     0     0         
SYNOPSYS_UNCONNECTED_34      0     0     0         
SYNOPSYS_UNCONNECTED_35      0     0     0         
SYNOPSYS_UNCONNECTED_36      0     0     0         
SYNOPSYS_UNCONNECTED_37      0     0     0         
SYNOPSYS_UNCONNECTED_38      0     0     0         
SYNOPSYS_UNCONNECTED_39      0     0     0         
SYNOPSYS_UNCONNECTED_4      0     0      0         
SYNOPSYS_UNCONNECTED_40      0     0     0         
SYNOPSYS_UNCONNECTED_41      0     0     0         
SYNOPSYS_UNCONNECTED_42      0     0     0         
SYNOPSYS_UNCONNECTED_43      0     0     0         
SYNOPSYS_UNCONNECTED_44      0     0     0         
SYNOPSYS_UNCONNECTED_45      0     0     0         
SYNOPSYS_UNCONNECTED_46      0     0     0         
SYNOPSYS_UNCONNECTED_47      0     0     0         
SYNOPSYS_UNCONNECTED_48      0     0     0         
SYNOPSYS_UNCONNECTED_49      0     0     0         
SYNOPSYS_UNCONNECTED_5      0     0      0         
SYNOPSYS_UNCONNECTED_50      0     0     0         
SYNOPSYS_UNCONNECTED_51      0     0     0         
SYNOPSYS_UNCONNECTED_52      0     0     0         
SYNOPSYS_UNCONNECTED_53      0     0     0         
SYNOPSYS_UNCONNECTED_54      0     0     0         
SYNOPSYS_UNCONNECTED_55      0     0     0         
SYNOPSYS_UNCONNECTED_6      0     0      0         
SYNOPSYS_UNCONNECTED_7      0     0      0         
SYNOPSYS_UNCONNECTED_8      0     0      0         
SYNOPSYS_UNCONNECTED_9      0     0      0         
aclk                     1        1      2         
aclk_en                  3        0      3         
cpu_en                  11        1     12         
cpu_en_s                11        1     12         
cpu_halt_cmd             1        1      2         
cpu_halt_st              8        1      9         
cpu_id[0]                0        0      0         
cpu_id[10]               0        0      0         
cpu_id[11]               0        0      0         
cpu_id[12]               0        0      0         
cpu_id[13]               0        0      0         
cpu_id[14]               0        0      0         
cpu_id[15]               0        0      0         
cpu_id[16]               0        0      0         
cpu_id[17]               0        0      0         
cpu_id[18]               0        0      0         
cpu_id[19]               0        0      0         
cpu_id[1]                0        0      0         
cpu_id[20]               0        0      0         
cpu_id[21]               0        0      0         
cpu_id[22]               0        0      0         
cpu_id[23]               0        0      0         
cpu_id[24]               0        0      0         
cpu_id[25]               0        0      0         
cpu_id[26]               0        0      0         
cpu_id[27]               0        0      0         
cpu_id[28]               0        0      0         
cpu_id[29]               0        0      0         
cpu_id[2]                0        0      0         
cpu_id[30]               0        0      0         
cpu_id[31]               0        0      0         
cpu_id[3]                0        0      0         
cpu_id[4]                0        0      0         
cpu_id[5]                0        0      0         
cpu_id[6]                0        0      0         
cpu_id[7]                0        0      0         
cpu_id[8]                0        0      0         
cpu_id[9]                0        0      0         
cpu_mclk                67        1     68         
cpuoff                   5        1      6         
dbg_clk                143        1    144         
dbg_cpu_reset            3        1      4         
dbg_en                   5        1      6         
dbg_en_s                 5        1      6         
dbg_freeze               2        1      3         
dbg_halt_cmd             1        1      2         
dbg_i2c_addr[0]          0        1      1         
dbg_i2c_addr[1]          0        1      1         
dbg_i2c_addr[2]          0        1      1         
dbg_i2c_addr[3]          0        1      1         
dbg_i2c_addr[4]          0        1      1         
dbg_i2c_addr[5]          0        1      1         
dbg_i2c_addr[6]          0        1      1         
dbg_i2c_broadcast[0]      0       1      1         
dbg_i2c_broadcast[1]      0       1      1         
dbg_i2c_broadcast[2]      0       1      1         
dbg_i2c_broadcast[3]      0       1      1         
dbg_i2c_broadcast[4]      0       1      1         
dbg_i2c_broadcast[5]      0       1      1         
dbg_i2c_broadcast[6]      0       1      1         
dbg_i2c_scl              0        1      1         
dbg_i2c_sda_in           0        1      1         
dbg_mem_addr[0]          8        1      9         
dbg_mem_addr[10]         4        1      5         
dbg_mem_addr[11]         4        1      5         
dbg_mem_addr[12]         4        1      5         
dbg_mem_addr[13]         4        1      5         
dbg_mem_addr[14]         4        1      5         
dbg_mem_addr[15]         3        1      4         
dbg_mem_addr[1]          6        1      7         
dbg_mem_addr[2]          7        1      8         
dbg_mem_addr[3]          7        1      8         
dbg_mem_addr[4]          4        1      5         
dbg_mem_addr[5]          4        1      5         
dbg_mem_addr[6]          4        1      5         
dbg_mem_addr[7]          4        1      5         
dbg_mem_addr[8]          4        1      5         
dbg_mem_addr[9]          4        1      5         
dbg_mem_din[0]           2        1      3         
dbg_mem_din[10]          3        1      4         
dbg_mem_din[11]          3        1      4         
dbg_mem_din[12]          3        1      4         
dbg_mem_din[13]          3        1      4         
dbg_mem_din[14]          3        1      4         
dbg_mem_din[15]          3        1      4         
dbg_mem_din[1]           2        1      3         
dbg_mem_din[2]           2        1      3         
dbg_mem_din[3]           2        1      3         
dbg_mem_din[4]           2        1      3         
dbg_mem_din[5]           2        1      3         
dbg_mem_din[6]           2        1      3         
dbg_mem_din[7]           2        1      3         
dbg_mem_din[8]           3        1      4         
dbg_mem_din[9]           3        1      4         
dbg_mem_dout[0]          2        1      3         
dbg_mem_dout[10]         2        1      3         
dbg_mem_dout[11]         2        1      3         
dbg_mem_dout[12]         2        1      3         
dbg_mem_dout[13]         2        1      3         
dbg_mem_dout[14]         2        1      3         
dbg_mem_dout[15]         2        1      3         
dbg_mem_dout[1]          2        1      3         
dbg_mem_dout[2]          2        1      3         
dbg_mem_dout[3]          2        1      3         
dbg_mem_dout[4]          2        1      3         
dbg_mem_dout[5]          2        1      3         
dbg_mem_dout[6]          2        1      3         
dbg_mem_dout[7]          2        1      3         
dbg_mem_dout[8]          2        1      3         
dbg_mem_dout[9]          2        1      3         
dbg_mem_en               4        1      5         
dbg_mem_wr[0]            1        1      2         
dbg_mem_wr[1]            1        1      2         
dbg_reg_din[0]           3        1      4         
dbg_reg_din[10]          3        1      4         
dbg_reg_din[11]          3        1      4         
dbg_reg_din[12]          3        1      4         
dbg_reg_din[13]          3        1      4         
dbg_reg_din[14]          3        1      4         
dbg_reg_din[15]          3        1      4         
dbg_reg_din[1]           3        1      4         
dbg_reg_din[2]           3        1      4         
dbg_reg_din[3]           3        1      4         
dbg_reg_din[4]           3        1      4         
dbg_reg_din[5]           3        1      4         
dbg_reg_din[6]           3        1      4         
dbg_reg_din[7]           3        1      4         
dbg_reg_din[8]           3        1      4         
dbg_reg_din[9]           3        1      4         
dbg_reg_wr               2        1      3         
dbg_rst                  3        1      4         
dbg_uart_rxd             1        1      2         
dbg_uart_txd             2        1      3         
dco_clk                 23        1     24         
dco_enable               1        1      2         
dco_wkup                 1        1      2         
decode_noirq             4        1      5         
dma_addr[10]             1        1      2         
dma_addr[11]             1        1      2         
dma_addr[12]             1        1      2         
dma_addr[13]             1        1      2         
dma_addr[14]             1        1      2         
dma_addr[15]             1        1      2         
dma_addr[1]              1        1      2         
dma_addr[2]              1        1      2         
dma_addr[3]              1        1      2         
dma_addr[4]              1        1      2         
dma_addr[5]              1        1      2         
dma_addr[6]              1        1      2         
dma_addr[7]              1        1      2         
dma_addr[8]              1        1      2         
dma_addr[9]              1        1      2         
dma_din[0]               1        1      2         
dma_din[10]              1        1      2         
dma_din[11]              1        1      2         
dma_din[12]              1        1      2         
dma_din[13]              1        1      2         
dma_din[14]              1        1      2         
dma_din[15]              1        1      2         
dma_din[1]               1        1      2         
dma_din[2]               1        1      2         
dma_din[3]               1        1      2         
dma_din[4]               1        1      2         
dma_din[5]               1        1      2         
dma_din[6]               1        1      2         
dma_din[7]               1        1      2         
dma_din[8]               1        1      2         
dma_din[9]               1        1      2         
dma_dout[0]              1        1      2         
dma_dout[10]             1        1      2         
dma_dout[11]             1        1      2         
dma_dout[12]             1        1      2         
dma_dout[13]             1        1      2         
dma_dout[14]             1        1      2         
dma_dout[15]             1        1      2         
dma_dout[1]              1        1      2         
dma_dout[2]              1        1      2         
dma_dout[3]              1        1      2         
dma_dout[4]              1        1      2         
dma_dout[5]              1        1      2         
dma_dout[6]              1        1      2         
dma_dout[7]              1        1      2         
dma_dout[8]              1        1      2         
dma_dout[9]              1        1      2         
dma_en                   4        1      5         
dma_priority             1        1      2         
dma_ready                2        1      3         
dma_resp                 2        1      3         
dma_we[0]                1        1      2         
dma_we[1]                1        1      2         
dma_wkup                 1        1      2         
dmem_addr[0]             1        1      2         
dmem_addr[1]             1        1      2         
dmem_addr[2]             1        1      2         
dmem_addr[3]             1        1      2         
dmem_addr[4]             1        1      2         
dmem_addr[5]             1        1      2         
dmem_addr[6]             1        1      2         
dmem_addr[7]             1        1      2         
dmem_addr[8]             1        1      2         
dmem_cen                 1        1      2         
dmem_din[0]              1        1      2         
dmem_din[10]             1        1      2         
dmem_din[11]             1        1      2         
dmem_din[12]             1        1      2         
dmem_din[13]             1        1      2         
dmem_din[14]             1        1      2         
dmem_din[15]             1        1      2         
dmem_din[1]              1        1      2         
dmem_din[2]              1        1      2         
dmem_din[3]              1        1      2         
dmem_din[4]              1        1      2         
dmem_din[5]              1        1      2         
dmem_din[6]              1        1      2         
dmem_din[7]              1        1      2         
dmem_din[8]              1        1      2         
dmem_din[9]              1        1      2         
dmem_dout[0]             2        1      3         
dmem_dout[10]            2        1      3         
dmem_dout[11]            2        1      3         
dmem_dout[12]            2        1      3         
dmem_dout[13]            2        1      3         
dmem_dout[14]            2        1      3         
dmem_dout[15]            2        1      3         
dmem_dout[1]             2        1      3         
dmem_dout[2]             2        1      3         
dmem_dout[3]             2        1      3         
dmem_dout[4]             2        1      3         
dmem_dout[5]             2        1      3         
dmem_dout[6]             2        1      3         
dmem_dout[7]             2        1      3         
dmem_dout[8]             2        1      3         
dmem_dout[9]             2        1      3         
dmem_wen[0]              1        1      2         
dmem_wen[1]              1        1      2         
e_state[0]               9        1     10         
e_state[1]              11        1     12         
e_state[2]               6        1      7         
e_state[3]               5        1      6         
eu_mab[0]                5        1      6         
eu_mab[10]               6        1      7         
eu_mab[11]               5        1      6         
eu_mab[12]               5        1      6         
eu_mab[13]               5        1      6         
eu_mab[14]               5        1      6         
eu_mab[15]               5        1      6         
eu_mab[1]                6        1      7         
eu_mab[2]                6        1      7         
eu_mab[3]                6        1      7         
eu_mab[4]                6        1      7         
eu_mab[5]                6        1      7         
eu_mab[6]                6        1      7         
eu_mab[7]                6        1      7         
eu_mab[8]                6        1      7         
eu_mab[9]                7        1      8         
eu_mb_en                 4        1      5         
eu_mb_wr[0]              2        1      3         
eu_mb_wr[1]              2        1      3         
eu_mdb_in[0]             1        1      2         
eu_mdb_in[10]            4        1      5         
eu_mdb_in[11]            4        1      5         
eu_mdb_in[12]            4        1      5         
eu_mdb_in[13]            4        1      5         
eu_mdb_in[14]            4        1      5         
eu_mdb_in[15]            4        1      5         
eu_mdb_in[1]             1        1      2         
eu_mdb_in[2]             1        1      2         
eu_mdb_in[3]             1        1      2         
eu_mdb_in[4]             1        1      2         
eu_mdb_in[5]             1        1      2         
eu_mdb_in[6]             1        1      2         
eu_mdb_in[7]             1        1      2         
eu_mdb_in[8]             4        1      5         
eu_mdb_in[9]             4        1      5         
eu_mdb_out[0]            3        1      4         
eu_mdb_out[10]           2        1      3         
eu_mdb_out[11]           2        1      3         
eu_mdb_out[12]           2        1      3         
eu_mdb_out[13]           2        1      3         
eu_mdb_out[14]           2        1      3         
eu_mdb_out[15]           2        1      3         
eu_mdb_out[1]            3        1      4         
eu_mdb_out[2]            3        1      4         
eu_mdb_out[3]            3        1      4         
eu_mdb_out[4]            3        1      4         
eu_mdb_out[5]            3        1      4         
eu_mdb_out[6]            3        1      4         
eu_mdb_out[7]            3        1      4         
eu_mdb_out[8]            2        1      3         
eu_mdb_out[9]            2        1      3         
exec_done                5        1      6         
fe_mab[10]               3        1      4         
fe_mab[11]               3        1      4         
fe_mab[12]               3        1      4         
fe_mab[13]               3        1      4         
fe_mab[14]               3        1      4         
fe_mab[15]               3        1      4         
fe_mab[1]                3        1      4         
fe_mab[2]                3        1      4         
fe_mab[3]                3        1      4         
fe_mab[4]                3        1      4         
fe_mab[5]                3        1      4         
fe_mab[6]                3        1      4         
fe_mab[7]                3        1      4         
fe_mab[8]                3        1      4         
fe_mab[9]                3        1      4         
fe_mb_en                 1        1      2         
fe_mdb_in[0]             8        1      9         
fe_mdb_in[10]            6        1      7         
fe_mdb_in[11]            6        1      7         
fe_mdb_in[12]           10        1     11         
fe_mdb_in[13]            9        1     10         
fe_mdb_in[14]            5        1      6         
fe_mdb_in[15]            5        1      6         
fe_mdb_in[1]             9        1     10         
fe_mdb_in[2]             6        1      7         
fe_mdb_in[3]             6        1      7         
fe_mdb_in[4]            11        1     12         
fe_mdb_in[5]             8        1      9         
fe_mdb_in[6]             5        1      6         
fe_mdb_in[7]            12        1     13         
fe_mdb_in[8]            10        1     11         
fe_mdb_in[9]            10        1     11         
fe_pmem_wait             1        1      2         
gie                      3        1      4         
inst_ad[0]               2        1      3         
inst_ad[1]               0        1      1         
inst_ad[2]               0        0      0         
inst_ad[3]               0        0      0         
inst_ad[4]               0        1      1         
inst_ad[5]               0        0      0         
inst_ad[6]               1        1      2         
inst_ad[7]               0        0      0         
inst_alu[0]              1        1      2         
inst_alu[10]            20        1     21         
inst_alu[11]             1        1      2         
inst_alu[1]              1        1      2         
inst_alu[2]              1        1      2         
inst_alu[3]              1        1      2         
inst_alu[4]             17        1     18         
inst_alu[5]             17        1     18         
inst_alu[6]              1        1      2         
inst_alu[7]              2        1      3         
inst_alu[8]              1        1      2         
inst_alu[9]              1        1      2         
inst_as[0]               2        1      3         
inst_as[1]               3        1      4         
inst_as[2]               1        1      2         
inst_as[3]               2        1      3         
inst_as[4]               1        1      2         
inst_as[5]               2        1      3         
inst_as[6]               2        1      3         
inst_as[7]               1        1      2         
inst_bw                 21        1     22         
inst_dest[0]             2        1      3         
inst_dest[10]            2        1      3         
inst_dest[11]            2        1      3         
inst_dest[12]            2        1      3         
inst_dest[13]            2        1      3         
inst_dest[14]            2        1      3         
inst_dest[15]            2        1      3         
inst_dest[1]             2        1      3         
inst_dest[2]             2        1      3         
inst_dest[3]             9        1     10         
inst_dest[4]             2        1      3         
inst_dest[5]             2        1      3         
inst_dest[6]             2        1      3         
inst_dest[7]             2        1      3         
inst_dest[8]             2        1      3         
inst_dest[9]             2        1      3         
inst_dext[0]             1        1      2         
inst_dext[10]            1        1      2         
inst_dext[11]            1        1      2         
inst_dext[12]            1        1      2         
inst_dext[13]            1        1      2         
inst_dext[14]            1        1      2         
inst_dext[15]            1        1      2         
inst_dext[1]             1        1      2         
inst_dext[2]             1        1      2         
inst_dext[3]             1        1      2         
inst_dext[4]             1        1      2         
inst_dext[5]             1        1      2         
inst_dext[6]             1        1      2         
inst_dext[7]             1        1      2         
inst_dext[8]             1        1      2         
inst_dext[9]             1        1      2         
inst_irq_rst             1        1      2         
inst_jmp[0]              1        1      2         
inst_jmp[1]              1        1      2         
inst_jmp[2]              1        1      2         
inst_jmp[3]              1        1      2         
inst_jmp[4]              1        1      2         
inst_jmp[5]              2        1      3         
inst_jmp[6]              2        1      3         
inst_jmp[7]              0        1      1         
inst_mov                 1        1      2         
inst_sext[0]             2        1      3         
inst_sext[10]            2        1      3         
inst_sext[11]            2        1      3         
inst_sext[12]            2        1      3         
inst_sext[13]            2        1      3         
inst_sext[14]            2        1      3         
inst_sext[15]            2        1      3         
inst_sext[1]             2        1      3         
inst_sext[2]             2        1      3         
inst_sext[3]             2        1      3         
inst_sext[4]             2        1      3         
inst_sext[5]             2        1      3         
inst_sext[6]             2        1      3         
inst_sext[7]             2        1      3         
inst_sext[8]             2        1      3         
inst_sext[9]             2        1      3         
inst_so[0]               2        1      3         
inst_so[1]              17        1     18         
inst_so[2]               0        1      1         
inst_so[3]               9        1     10         
inst_so[4]               1        1      2         
inst_so[5]               3        1      4         
inst_so[6]               9        1     10         
inst_so[7]               1        1      2         
inst_src[0]              1        1      2         
inst_src[10]             1        1      2         
inst_src[11]             1        1      2         
inst_src[12]             1        1      2         
inst_src[13]             1        1      2         
inst_src[14]             1        1      2         
inst_src[15]             1        1      2         
inst_src[1]              2        1      3         
inst_src[2]              1        1      2         
inst_src[3]              1        1      2         
inst_src[4]              1        1      2         
inst_src[5]              1        1      2         
inst_src[6]              1        1      2         
inst_src[7]              1        1      2         
inst_src[8]              1        1      2         
inst_src[9]              1        1      2         
inst_type[0]             5        1      6         
inst_type[1]             6        1      7         
inst_type[2]             5        1      6         
irq[0]                   2        1      3         
irq[10]                  2        1      3         
irq[11]                  2        1      3         
irq[12]                  2        1      3         
irq[13]                  3        1      4         
irq[1]                   2        1      3         
irq[2]                   2        1      3         
irq[3]                   2        1      3         
irq[4]                   2        1      3         
irq[5]                   2        1      3         
irq[6]                   2        1      3         
irq[7]                   2        1      3         
irq[8]                   2        1      3         
irq[9]                   2        1      3         
irq_acc[0]               1        1      2         
irq_acc[10]              2        1      3         
irq_acc[11]              1        1      2         
irq_acc[12]              1        1      2         
irq_acc[13]              1        1      2         
irq_acc[1]               1        1      2         
irq_acc[2]               1        1      2         
irq_acc[3]               1        1      2         
irq_acc[4]               1        1      2         
irq_acc[5]               1        1      2         
irq_acc[6]               1        1      2         
irq_acc[7]               1        1      2         
irq_acc[8]               1        1      2         
irq_acc[9]               1        1      2         
lfxt_clk                18        1     19         
lfxt_enable              2        1      3         
lfxt_wkup                1        1      2         
mclk                    67        1     68         
mclk_dma_enable          4        1      5         
mclk_dma_wkup            4        1      5         
mclk_enable              3        1      4         
mclk_wkup                3        1      4         
n1                       1        1      2         
n12                      1        1      2         
n13                      1        1      2         
n14                      1        1      2         
n15                      1        1      2         
n17                      1        1      2         
n18                      1        1      2         
n19                      1        1      2         
n2                       1        1      2         
n20                      1        1      2         
n21                      1        1      2         
n22                      1        1      2         
n23                      1        1      2         
n24                      1        1      2         
n25                      1        1      2         
n26                      1        1      2         
n27                      1        1      2         
n28                      1        1      2         
n29                      1        1      2         
n30                      1        1      2         
n31                      1        1      2         
n32                      1        1      2         
n33                      1        1      2         
n34                      1        1      2         
n35                      1        1      2         
n36                      1        1      2         
n37                      1        1      2         
n38                      1        1      2         
n39                      1        1      2         
n40                      1        1      2         
n5                       1        1      2         
n6                       1        1      2         
n8                       1        1      2         
n9                       1        1      2         
nmi                      1        1      2         
nmi_acc                  2        1      3         
nmi_pnd                  1        1      2         
nmi_wkup                 1        1      2         
oscoff                   3        1      4         
pc[0]                    2        1      3         
pc[10]                   3        1      4         
pc[11]                   3        1      4         
pc[12]                   3        1      4         
pc[13]                   3        1      4         
pc[14]                   3        1      4         
pc[15]                   2        1      3         
pc[1]                    3        1      4         
pc[2]                    3        1      4         
pc[3]                    3        1      4         
pc[4]                    3        1      4         
pc[5]                    3        1      4         
pc[6]                    3        1      4         
pc[7]                    3        1      4         
pc[8]                    3        1      4         
pc[9]                    3        1      4         
pc_nxt[0]                2        1      3         
pc_nxt[10]               3        1      4         
pc_nxt[11]               3        1      4         
pc_nxt[12]               3        1      4         
pc_nxt[13]               3        1      4         
pc_nxt[14]               3        1      4         
pc_nxt[15]               3        1      4         
pc_nxt[1]                3        1      4         
pc_nxt[2]                3        1      4         
pc_nxt[3]                3        1      4         
pc_nxt[4]                3        1      4         
pc_nxt[5]                3        1      4         
pc_nxt[6]                3        1      4         
pc_nxt[7]                3        1      4         
pc_nxt[8]                3        1      4         
pc_nxt[9]                3        1      4         
pc_sw[0]                17        1     18         
pc_sw[10]               15        1     16         
pc_sw[11]               15        1     16         
pc_sw[12]               15        1     16         
pc_sw[13]               15        1     16         
pc_sw[14]               15        1     16         
pc_sw[15]               15        1     16         
pc_sw[1]                18        1     19         
pc_sw[2]                18        1     19         
pc_sw[3]                18        1     19         
pc_sw[4]                19        1     20         
pc_sw[5]                18        1     19         
pc_sw[6]                18        1     19         
pc_sw[7]                21        1     22         
pc_sw[8]                16        1     17         
pc_sw[9]                15        1     16         
pc_sw_wr                18        1     19         
per_addr[0]             12        1     13         
per_addr[13]             6        0      6         
per_addr[1]             10        1     11         
per_addr[2]              9        1     10         
per_addr[3]              5        1      6         
per_addr[4]              6        1      7         
per_addr[5]              5        1      6         
per_addr[6]              5        1      6         
per_addr[7]              6        1      7         
per_din[0]               9        1     10         
per_din[10]              4        1      5         
per_din[11]              4        1      5         
per_din[12]              4        1      5         
per_din[13]              4        1      5         
per_din[14]              3        1      4         
per_din[15]              3        1      4         
per_din[1]               7        1      8         
per_din[2]               6        1      7         
per_din[3]               6        1      7         
per_din[4]              10        1     11         
per_din[5]               6        1      7         
per_din[6]               6        1      7         
per_din[7]               6        1      7         
per_din[8]               4        1      5         
per_din[9]               4        1      5         
per_dout[0]              1        1      2         
per_dout[10]             1        1      2         
per_dout[11]             1        1      2         
per_dout[12]             1        1      2         
per_dout[13]             1        1      2         
per_dout[14]             1        1      2         
per_dout[15]             1        1      2         
per_dout[1]              1        1      2         
per_dout[2]              1        1      2         
per_dout[3]              1        1      2         
per_dout[4]              1        1      2         
per_dout[5]              1        1      2         
per_dout[6]              1        1      2         
per_dout[7]              1        1      2         
per_dout[8]              1        1      2         
per_dout[9]              1        1      2         
per_dout_clk[10]         1        1      2         
per_dout_clk[11]         1        1      2         
per_dout_clk[12]         1        1      2         
per_dout_clk[13]         1        1      2         
per_dout_clk[1]          1        1      2         
per_dout_clk[2]          1        1      2         
per_dout_clk[3]          0        0      0         
per_dout_clk[4]          1        1      2         
per_dout_clk[5]          1        1      2         
per_dout_clk[6]          0        0      0         
per_dout_clk[7]          0        0      0         
per_dout_clk[8]          1        1      2         
per_dout_clk[9]          1        1      2         
per_dout_mpy[0]          1        1      2         
per_dout_mpy[10]         1        1      2         
per_dout_mpy[11]         1        1      2         
per_dout_mpy[12]         1        1      2         
per_dout_mpy[13]         1        1      2         
per_dout_mpy[14]         1        1      2         
per_dout_mpy[15]         1        1      2         
per_dout_mpy[1]          1        1      2         
per_dout_mpy[2]          1        1      2         
per_dout_mpy[3]          1        1      2         
per_dout_mpy[4]          1        1      2         
per_dout_mpy[5]          1        1      2         
per_dout_mpy[6]          1        1      2         
per_dout_mpy[7]          1        1      2         
per_dout_mpy[8]          1        1      2         
per_dout_mpy[9]          1        1      2         
per_dout_or[0]           1        1      2         
per_dout_or[10]          1        1      2         
per_dout_or[11]          1        1      2         
per_dout_or[12]          1        1      2         
per_dout_or[13]          1        1      2         
per_dout_or[14]          1        1      2         
per_dout_or[15]          1        1      2         
per_dout_or[1]           1        1      2         
per_dout_or[2]           1        1      2         
per_dout_or[3]           1        1      2         
per_dout_or[4]           1        1      2         
per_dout_or[5]           1        1      2         
per_dout_or[6]           1        1      2         
per_dout_or[7]           1        1      2         
per_dout_or[8]           1        1      2         
per_dout_or[9]           1        1      2         
per_dout_sfr[0]          1        1      2         
per_dout_sfr[10]         1        1      2         
per_dout_sfr[11]         1        1      2         
per_dout_sfr[12]         1        1      2         
per_dout_sfr[13]         1        1      2         
per_dout_sfr[14]         1        1      2         
per_dout_sfr[15]         1        1      2         
per_dout_sfr[1]          1        1      2         
per_dout_sfr[2]          1        1      2         
per_dout_sfr[3]          1        1      2         
per_dout_sfr[4]          1        1      2         
per_dout_sfr[5]          1        1      2         
per_dout_sfr[6]          1        1      2         
per_dout_sfr[7]          1        1      2         
per_dout_sfr[8]          1        1      2         
per_dout_sfr[9]          1        1      2         
per_dout_wdog[0]         1        1      2         
per_dout_wdog[10]        0        0      0         
per_dout_wdog[11]       10        1     11         
per_dout_wdog[12]        0        0      0         
per_dout_wdog[13]       10        1     11         
per_dout_wdog[14]       10        1     11         
per_dout_wdog[1]         1        1      2         
per_dout_wdog[2]         0        0      0         
per_dout_wdog[3]         0        0      0         
per_dout_wdog[4]         1        1      2         
per_dout_wdog[5]        10        1     11         
per_dout_wdog[6]         1        1      2         
per_dout_wdog[7]         1        1      2         
per_dout_wdog[8]        10        1     11         
per_dout_wdog[9]         0        0      0         
per_en                   6        1      7         
per_we[0]                8        1      9         
per_we[1]               15        1     16         
pmem_addr[0]             1        1      2         
pmem_addr[10]            1        1      2         
pmem_addr[1]             1        1      2         
pmem_addr[2]             1        1      2         
pmem_addr[3]             1        1      2         
pmem_addr[4]             1        1      2         
pmem_addr[5]             1        1      2         
pmem_addr[6]             1        1      2         
pmem_addr[7]             1        1      2         
pmem_addr[8]             1        1      2         
pmem_addr[9]             1        1      2         
pmem_cen                 1        1      2         
pmem_din[0]              3        1      4         
pmem_din[10]             3        1      4         
pmem_din[11]             3        1      4         
pmem_din[12]             3        1      4         
pmem_din[13]             3        1      4         
pmem_din[14]             3        1      4         
pmem_din[15]             3        1      4         
pmem_din[1]              3        1      4         
pmem_din[2]              3        1      4         
pmem_din[3]              3        1      4         
pmem_din[4]              3        1      4         
pmem_din[5]              3        1      4         
pmem_din[6]              3        1      4         
pmem_din[7]              3        1      4         
pmem_din[8]              3        1      4         
pmem_din[9]              3        1      4         
pmem_dout[0]             4        1      5         
pmem_dout[10]            4        1      5         
pmem_dout[11]            4        1      5         
pmem_dout[12]            4        1      5         
pmem_dout[13]            4        1      5         
pmem_dout[14]            4        1      5         
pmem_dout[15]            4        1      5         
pmem_dout[1]             4        1      5         
pmem_dout[2]             4        1      5         
pmem_dout[3]             4        1      5         
pmem_dout[4]             4        1      5         
pmem_dout[5]             4        1      5         
pmem_dout[6]             4        1      5         
pmem_dout[7]             4        1      5         
pmem_dout[8]             4        1      5         
pmem_dout[9]             4        1      5         
pmem_wen[0]              1        1      2         
pmem_wen[1]              1        1      2         
por                      7        1      8         
puc_pnd_set              4        1      5         
puc_rst                 19        1     20         
reset_n                  1        1      2         
scan_enable             21        1     22         
scan_mode                9        1     10         
scg0                     2        1      3         
scg1                     2        1      3         
smclk                   10        1     11         
wdt_irq                  2        1      3         
wdt_reset                1        1      2         
wdt_wkup                 1        1      2         
wdtie                    4        1      5         
wdtifg                   3        1      4         
wdtifg_sw_clr            1        1      2         
wdtifg_sw_set            1        1      2         
wdtnmies                 2        1      3         
wkup                     1        1      2         

Attributes
    d - user dont_touch
    D - derived dont_touch

--------------------------------------------------------------------------------
Total 804 nets        2471      702   3173
Maximum                143        1    144
Average               3.07     0.87   3.95
1
