********************************************
* VC App: getModHier
* Report: modules_hier.log
* Date  : 2026-09-06 00:06:03
********************************************

* Target Scope: openMSP430
* Skip Library Instance: Yes
============================================================
openMSP430
openMSP430.clock_module_0
openMSP430.clock_module_0.and_cpuoff_mclk_en
openMSP430.clock_module_0.and_cpuoff_mclk_dma_en
openMSP430.clock_module_0.and_cpuoff_mclk_dma_wkup
openMSP430.clock_module_0.and_scg0_mclk_dma_en
openMSP430.clock_module_0.and_scg0_mclk_dma_wkup
openMSP430.clock_module_0.and_scg1_mclk_dma_en
openMSP430.clock_module_0.and_scg1_mclk_dma_wkup
openMSP430.clock_module_0.and_oscoff_mclk_dma_en
openMSP430.clock_module_0.and_oscoff_mclk_dma_wkup
openMSP430.clock_module_0.and_dco_dis1
openMSP430.clock_module_0.and_dco_dis2
openMSP430.clock_module_0.and_dco_dis3
openMSP430.clock_module_0.and_dco_dis4
openMSP430.clock_module_0.and_dco_dis5
openMSP430.clock_module_0.and_dco_mclk_wkup
openMSP430.clock_module_0.and_dco_en_wkup
openMSP430.clock_module_0.and_dco_wkup
openMSP430.clock_module_0.and_lfxt_dis1
openMSP430.clock_module_0.and_lfxt_dis2
openMSP430.clock_module_0.and_lfxt_dis3
openMSP430.clock_module_0.and_lfxt_dis4
openMSP430.clock_module_0.and_lfxt_dis5
openMSP430.clock_module_0.and_lfxt_mclk_wkup
openMSP430.clock_module_0.and_lfxt_en_wkup
openMSP430.clock_module_0.and_lfxt_wkup
openMSP430.clock_module_0.scan_mux_dco_wkup
openMSP430.clock_module_0.scan_mux_dco_wkup_observe
openMSP430.clock_module_0.scan_mux_lfxt_wkup
openMSP430.clock_module_0.scan_mux_lfxt_wkup_observe
openMSP430.clock_module_0.scan_mux_puc_lfxt
openMSP430.clock_module_0.scan_mux_por
openMSP430.clock_module_0.scan_mux_dbg_rst
openMSP430.clock_module_0.scan_mux_puc_rst_a
openMSP430.clock_module_0.scan_mux_puc_rst
openMSP430.clock_module_0.sync_cell_dco_wkup
openMSP430.clock_module_0.sync_cell_lfxt_disable
openMSP430.clock_module_0.sync_cell_lfxt_wkup
openMSP430.clock_module_0.sync_cell_cpu_aux_en
openMSP430.clock_module_0.sync_cell_mclk_dma_wkup
openMSP430.clock_module_0.sync_cell_mclk_wkup
openMSP430.clock_module_0.sync_cell_puc_lfxt
openMSP430.clock_module_0.sync_cell_oscoff
openMSP430.clock_module_0.sync_cell_aclk_dma_wkup
openMSP430.clock_module_0.sync_cell_smclk_dma_wkup
openMSP430.clock_module_0.sync_cell_puc
openMSP430.clock_module_0.clock_gate_mclk
openMSP430.clock_module_0.clock_gate_dma_mclk
openMSP430.clock_module_0.clock_gate_aclk
openMSP430.clock_module_0.clock_gate_smclk
openMSP430.clock_module_0.clock_gate_dbg_clk
openMSP430.clock_module_0.sync_reset_por
openMSP430.frontend_0
openMSP430.frontend_0.clock_gate_irq_num
openMSP430.frontend_0.clock_gate_pc
openMSP430.frontend_0.clock_gate_inst_sext
openMSP430.frontend_0.clock_gate_inst_dext
openMSP430.frontend_0.clock_gate_decode
openMSP430.frontend_0.and_mirq_wkup
openMSP430.frontend_0.and_mclk_wkup
openMSP430.frontend_0.and_mclk_dma_wkup
openMSP430.execution_unit_0
openMSP430.execution_unit_0.register_file_0
openMSP430.execution_unit_0.register_file_0.clock_gate_r1
openMSP430.execution_unit_0.register_file_0.clock_gate_r2
openMSP430.execution_unit_0.register_file_0.clock_gate_r3
openMSP430.execution_unit_0.register_file_0.clock_gate_r4
openMSP430.execution_unit_0.register_file_0.clock_gate_r5
openMSP430.execution_unit_0.register_file_0.clock_gate_r6
openMSP430.execution_unit_0.register_file_0.clock_gate_r7
openMSP430.execution_unit_0.register_file_0.clock_gate_r8
openMSP430.execution_unit_0.register_file_0.clock_gate_r9
openMSP430.execution_unit_0.register_file_0.clock_gate_r10
openMSP430.execution_unit_0.register_file_0.clock_gate_r11
openMSP430.execution_unit_0.register_file_0.clock_gate_r12
openMSP430.execution_unit_0.register_file_0.clock_gate_r13
openMSP430.execution_unit_0.register_file_0.clock_gate_r14
openMSP430.execution_unit_0.register_file_0.clock_gate_r15
openMSP430.execution_unit_0.alu_0
openMSP430.execution_unit_0.clock_gate_mdb_out_nxt
openMSP430.execution_unit_0.clock_gate_mdb_in_buf
openMSP430.mem_backbone_0
openMSP430.mem_backbone_0.clock_gate_bckup
openMSP430.sfr_0
openMSP430.sfr_0.wakeup_cell_nmi
openMSP430.sfr_0.wakeup_cell_nmi.scan_mux_rst
openMSP430.sfr_0.wakeup_cell_nmi.scan_mux_clk
openMSP430.sfr_0.sync_cell_nmi
openMSP430.sfr_0.and_nmi_wkup
openMSP430.watchdog_0
openMSP430.watchdog_0.clock_gate_wdtctl
openMSP430.watchdog_0.clock_gate_wdtcnt
openMSP430.watchdog_0.sync_reset_por
openMSP430.watchdog_0.scan_mux_wdt_rst
openMSP430.watchdog_0.sync_cell_wdtcnt_clr
openMSP430.watchdog_0.sync_cell_wdtcnt_incr
openMSP430.watchdog_0.sync_cell_wdt_evt
openMSP430.watchdog_0.wakeup_cell_wdog
openMSP430.watchdog_0.wakeup_cell_wdog.scan_mux_rst
openMSP430.watchdog_0.wakeup_cell_wdog.scan_mux_clk
openMSP430.watchdog_0.and_wdt_wkup
openMSP430.multiplier_0
openMSP430.multiplier_0.clock_gate_op1
openMSP430.multiplier_0.clock_gate_op2
openMSP430.multiplier_0.clock_gate_reslo
openMSP430.multiplier_0.clock_gate_reshi
openMSP430.dbg_0
openMSP430.dbg_0.dbg_uart_0
openMSP430.dbg_0.dbg_uart_0.sync_cell_uart_rxd
