 Info: Initializing timer in CLOCK_SYN_MODE
Information: The stitching and editing of coupling caps is turned OFF for design 'openMSP430.ndm:temp_place_ends.design'. (TIM-125)
Information: Update timing completed net estimation for all the timing graph nets (TIM-111)
Information: Net estimation statistics: timing graph nets = 6676, routed nets = 65, across physical hierarchy nets = 0, parasitics cached nets = 65, delay annotated nets = 0, parasitics annotated nets = 0, multi-voltage nets = 0. (TIM-112)
****************************************
Report : clock qor
        -type summary
Design : openMSP430
Version: O-2018.06-SP1
Date   : Sat Sep 26 03:05:00 2026
****************************************

Attributes
===========
M Master Clock
G Generated Clock
& Internal Generated Clock
U User Defined Skew Group
D Default Skew Group
* Generated Clock Balanced Separately

===========================================
==== Summary Reporting for Corner fast ====
===========================================

================================================== Summary Table for Corner fast ===================================================
Clock /                               Attrs     Sinks Levels    Clock     Clock     Clock       Max    Global  Trans DRC  Cap DRC
Skew Group                                                   Repeater  Repeater   Stdcell   Latency      Skew     Count     Count
                                                                Count      Area      Area
------------------------------------------------------------------------------------------------------------------------------------
### Mode: func, Scenario: func_fast
dco_clk                                 M,D       751      7       18     77.26    181.20      0.33      0.17         0         0
lfxt_clk                                M,D        20      5        4     13.22     18.30      0.13      0.02         0         0
------------------------------------------------------------------------------------------------------------------------------------
All Clocks                                        771      7       22     90.48    199.50      0.33      0.17         0         0


===========================================
==== Summary Reporting for Corner slow ====
===========================================

================================================== Summary Table for Corner slow ===================================================
Clock /                               Attrs     Sinks Levels    Clock     Clock     Clock       Max    Global  Trans DRC  Cap DRC
Skew Group                                                   Repeater  Repeater   Stdcell   Latency      Skew     Count     Count
                                                                Count      Area      Area
------------------------------------------------------------------------------------------------------------------------------------
### Mode: func, Scenario: func_slow
dco_clk                                 M,D       751      7       18     77.26    181.20      0.33      0.17         0         3
lfxt_clk                                M,D        20      5        4     13.22     18.30      0.14      0.02         0         0
------------------------------------------------------------------------------------------------------------------------------------
All Clocks                                        771      7       22     90.48    199.50      0.33      0.17         0         3


1
