****************************************
Report : design
Design : openMSP430
Version: O-2018.06-SP1
Date   : Sat Sep 26 03:04:59 2026
****************************************

Total number of std cells in library : 286
Total number of dont_use lib cells   : 7
Total number of dont_touch lib cells : 7
Total number of buffers              : 11
Total number of inverters            : 15
Total number of flip-flops           : 102
Total number of latches              : 12
Total number of ICGs                 : 12

Cell Instance Type  Count         Area
--------------------------------------
TOTAL LEAF CELLS     6238    26811.430
Standard cells       6238    26811.430
Hard macro cells        0        0.000
Soft macro cells        0        0.000
Always on cells         0        0.000
Physical only           0        0.000
Fixed cells             0        0.000
Moveable cells       6238    26811.430
Sequential            771     5417.842
Buffer/inverter      2421    12952.195
ICG cells               0        0.000

Logic Hierarchies                    : 115
Design Masters count                 : 84
Total Flat nets count                : 6697
Total FloatingNets count             : 19
Total no of Ports                    : 264
Number of Master Clocks in design    : 2
Number of Generated Clocks in design : 0
Number of Path Groups in design      : 11 (5 of them Non Default)
Number of Scan Chains in design      : 0
List of Modes                        : func
List of Corners                      : slow, fast
List of Scenarios                    : func_fast, func_slow

Core Area                            : 35210.126
Chip Area                            : 44793.038
Total Site Row Area                  : 35210.126
Number of Blockages                  : 0
Total area of Blockages              : 0.000
Number of Power Domains              : 1
Number of Voltage Areas              : 1
Number of Group Bounds               : 0
Number of Exclusive MoveBounds       : 0
Number of Hard or Soft MoveBounds    : 0
Number of Multibit Registers         : 0
Number of Multibit LS/ISO Cells      : 0
Number of Top Level RP Groups        : 0
Number of Tech Layers                : 71 (64 of them have unknown routing dir.)

Total wire length                    : 8671.16 micron
Total number of wires                : 3787
Total number of contacts             : 6945
1
