****************************************
Report : constraint
        -all_violators
        -max_transition
Design : openMSP430
Version: O-2018.06-SP1
Date   : Sat Sep 26 03:06:59 2026
****************************************



   Mode: func Corner: slow
   Scenario: func_slow
   max_transition                                                              
                             Required        Actual                            
   Net                      Transition     Transition        Slack  Violation  
  ---------------------------------------------------------------------------
   clock_module_0/puc_a_scan
                                0.19           0.20          -0.01  (VIOLATED) 
     PIN : clock_module_0/scan_mux_puc_rst_a/U2/Y
                                0.19           0.20          -0.01  (VIOLATED) 

  ---------------------------------------------------------------------------
   Number of max_transition violation(s): 1

   Total number of violation(s): 1
1
