Warning: Layer M8 does not have a preferred direction, assigning to vertical. (ZRT-025)
Warning: Layer M9 does not have a preferred direction, assigning to horizontal. (ZRT-025)
Warning: Layer MRDL does not have a preferred direction, assigning to vertical. (ZRT-025)
Turn off antenna since no rule is specified
Cell Min-Routing-Layer = M2
Cell Max-Routing-Layer = M5
Warning: Cannot find a default contact code for layer CO. (ZRT-022)
Warning: The step 0.076 of horizontal track TRACK_19 is less than the pitch 0.152 of layer M1. (ZRT-642)
Warning: 2779 horizontal tracks are found in area (0, 0, 212.024, 211.264) of layer M1. The quantity of tracks is unreasonably high. (ZRT-642)
Warning: Ignore 2 top cell ports with no pins. (ZRT-027)
Info: number of net_type_blockage: 0 


Start checking for open nets ... 

Total number of nets = 5013, of which 0 are not extracted
Total number of open nets = 0, of which 0 are frozen

Check 5013 nets, 0 have Errors

[CHECK OPEN NETS] Elapsed real time: 0:00:00 
[CHECK OPEN NETS] Elapsed cpu  time: sys=0:00:00 usr=0:00:00 total=0:00:00
[CHECK OPEN NETS] Stage (MB): Used    0  Alloctr    0  Proc    0 
[CHECK OPEN NETS] Total (MB): Used   86  Alloctr   90  Proc 1930 
Printing options for 'route.common.*'
common.verbose_level                                    :	 0                   

Printing options for 'route.detail.*'
detail.antenna                                          :	 true                
detail.force_end_on_preferred_grid                      :	 true                

Printing options for 'route.auto_via_ladder.*'


Begin full DRC check ...

Information: Using 1 threads for routing. (ZRT-444)
Checked	1/16 Partitions, Violations =	0
Checked	2/16 Partitions, Violations =	0
Checked	3/16 Partitions, Violations =	0
Checked	4/16 Partitions, Violations =	0
Checked	5/16 Partitions, Violations =	0
Checked	6/16 Partitions, Violations =	0
Checked	7/16 Partitions, Violations =	0
Checked	8/16 Partitions, Violations =	0
Checked	9/16 Partitions, Violations =	0
Checked	10/16 Partitions, Violations =	0
Checked	11/16 Partitions, Violations =	0
Checked	12/16 Partitions, Violations =	0
Checked	13/16 Partitions, Violations =	0
Checked	14/16 Partitions, Violations =	0
Checked	15/16 Partitions, Violations =	0
Checked	16/16 Partitions, Violations =	0
[DRC CHECK] Elapsed real time: 0:00:01 
[DRC CHECK] Elapsed cpu  time: sys=0:00:00 usr=0:00:01 total=0:00:01
[DRC CHECK] Stage (MB): Used    0  Alloctr    0  Proc    0 
[DRC CHECK] Total (MB): Used  102  Alloctr  106  Proc 1930 
Warning: No antenna rules defined, Skip antenna analysis. (ZRT-309)

DRC-SUMMARY:
	@@@@@@@ TOTAL VIOLATIONS =	0


Total Wire Length =                    145453 micron
Total Number of Contacts =             45150
Total Number of Wires =                45422
Total Number of PtConns =              5323
Total Number of Routed Wires =       45422
Total Routed Wire Length =           144737 micron
Total Number of Routed Contacts =       45150
	Layer              M1 :        687 micron
	Layer              M2 :      48251 micron
	Layer              M3 :      47836 micron
	Layer              M4 :      24878 micron
	Layer              M5 :      23800 micron
	Layer              M6 :          0 micron
	Layer              M7 :          0 micron
	Layer              M8 :          0 micron
	Layer              M9 :          0 micron
	Layer            MRDL :          0 micron
	Via        VIA56BAR_C :          1
	Via    VIA45SQ_C(rot) :       2078
	Via         VIA34SQ_C :       4088
	Via    VIA34SQ_C(rot) :         11
	Via         VIA23SQ_C :        127
	Via    VIA23SQ_C(rot) :      20869
	Via         VIA12SQ_C :      16594
	Via    VIA12SQ_C(rot) :       1125
	Via        VIA12BAR_C :        180
	Via   VIA12BAR_C(rot) :          1
	Via     VIA12BAR(rot) :          1
	Via     VIA12SQ_C_2x1 :         75

 
Redundant via conversion report:
--------------------------------

  Total optimized via conversion rate =  0.17% (75 / 45150 vias)
 
    Layer VIA1       =  0.42% (75     / 17976   vias)
        Weight 1     =  0.42% (75      vias)
        Un-optimized =  0.00% (0       vias)
        Un-mapped    = 99.58% (17901   vias)
    Layer VIA2       =  0.00% (0      / 20996   vias)
        Un-optimized =  0.00% (0       vias)
        Un-mapped    = 100.00% (20996   vias)
    Layer VIA3       =  0.00% (0      / 4099    vias)
        Un-optimized =  0.00% (0       vias)
        Un-mapped    = 100.00% (4099    vias)
    Layer VIA4       =  0.00% (0      / 2078    vias)
        Un-optimized =  0.00% (0       vias)
        Un-mapped    = 100.00% (2078    vias)
    Layer VIA5       =  0.00% (0      / 1       vias)
        Un-optimized =  0.00% (0       vias)
        Un-mapped    = 100.00% (1       vias)
 
  Total double via conversion rate    =  0.17% (75 / 45150 vias)
 
    Layer VIA1       =  0.42% (75     / 17976   vias)
    Layer VIA2       =  0.00% (0      / 20996   vias)
    Layer VIA3       =  0.00% (0      / 4099    vias)
    Layer VIA4       =  0.00% (0      / 2078    vias)
    Layer VIA5       =  0.00% (0      / 1       vias)
 
  The optimized via conversion rate based on total routed via count =  0.17% (75 / 45150 vias)
 
    Layer VIA1       =  0.42% (75     / 17976   vias)
        Weight 1     =  0.42% (75      vias)
        Un-optimized =  0.00% (0       vias)
        Un-mapped    = 99.58% (17901   vias)
    Layer VIA2       =  0.00% (0      / 20996   vias)
        Un-optimized =  0.00% (0       vias)
        Un-mapped    = 100.00% (20996   vias)
    Layer VIA3       =  0.00% (0      / 4099    vias)
        Un-optimized =  0.00% (0       vias)
        Un-mapped    = 100.00% (4099    vias)
    Layer VIA4       =  0.00% (0      / 2078    vias)
        Un-optimized =  0.00% (0       vias)
        Un-mapped    = 100.00% (2078    vias)
    Layer VIA5       =  0.00% (0      / 1       vias)
        Un-optimized =  0.00% (0       vias)
        Un-mapped    = 100.00% (1       vias)
 


Verify Summary:

Total number of nets = 5013, of which 0 are not extracted
Total number of open nets = 0, of which 0 are frozen
Total number of excluded ports = 0 ports of 0 unplaced cells connected to 0 nets
                                 0 ports without pins of 0 cells connected to 0 nets
                                 0 ports of 0 cover cells connected to 0 non-pg nets
Total number of DRCs = 0
Total number of antenna violations = no antenna rules defined
Total number of tie to rail violations = not checked
Total number of tie to rail directly violations = not checked


