Using libraries: openMSP430.ndm saed32rvt_c
Visiting block openMSP430.ndm:temp_cts_hold_fixing_ends.design
Information: Clearing abstracted power annotation ... 
Design 'openMSP430' was successfully linked.
****************************************
Report : constraint
        -all_violators
Design : openMSP430
Version: O-2018.06-SP1
Date   : Sat Sep 26 03:05:15 2026
****************************************

   late_timing
   -----------

************************************************************
Timer Settings:
Delay Calculation Style:                   auto
Signal Integrity Analysis:                 disabled
Timing Window Analysis:                    disabled
Advanced Waveform Propagation:             disabled
Variation Type:                            fixed_derate
Clock Reconvergence Pessimism Removal:     disabled
Advanced Receiver Model:                   disabled
************************************************************
Information: Corner fast: no PVT mismatches. (PVT-032)
Information: Corner slow: no PVT mismatches. (PVT-032)
Information: The stitching and editing of coupling caps is turned OFF for design 'openMSP430.ndm:temp_cts_hold_fixing_ends.design'. (TIM-125)
Information: Design temp_cts_hold_fixing_ends has 6712 nets, 0 global routed, 65 detail routed. (NEX-024)
Warning: Technology layer 'M8' setting 'routing-direction' is not valid (NEX-001)
Warning: Technology layer 'M9' setting 'routing-direction' is not valid (NEX-001)
Warning: Technology layer 'MRDL' setting 'routing-direction' is not valid (NEX-001)
Information: The RC mode used is CTO for design 'openMSP430'. (NEX-022)
Information: Design Average RC for design temp_cts_hold_fixing_ends  (NEX-011)
Information: r = 1.785714 ohm/um, via_r = 0.500000 ohm/cut, c = 0.082486 ff/um, cc = 0.000000 ff/um (X dir) (NEX-017)
Information: r = 1.785714 ohm/um, via_r = 0.500000 ohm/cut, c = 0.094044 ff/um, cc = 0.000000 ff/um (Y dir) (NEX-017)
Information: Update timing completed net estimation for all the timing graph nets (TIM-111)
Information: Net estimation statistics: timing graph nets = 6710, routed nets = 65, across physical hierarchy nets = 0, parasitics cached nets = 377, delay annotated nets = 0, parasitics annotated nets = 0, multi-voltage nets = 0. (TIM-112)
Endpoint                         Path Delay     Path Required       CRP    Slack Group    Scenario
----------------------------------------------------------------------------------------------------------
No paths.

   early_timing
   -----------

Endpoint                         Path Delay     Path Required       CRP    Slack Group    Scenario
----------------------------------------------------------------------------------------------------------
No paths.

   Mode: func Corner: slow
   Scenario: func_slow
   max_transition                                                              
                             Required        Actual                            
   Net                      Transition     Transition        Slack  Violation  
  ---------------------------------------------------------------------------
   execution_unit_0/register_file_0/copt_net_991
                                0.08           0.08           0.00  (MET)      

  ---------------------------------------------------------------------------
   Number of max_transition violation(s): 0

   Mode: func Corner: slow
   Scenario: func_slow
   max_capacitance                                                             
                             Required        Actual                            
   Net                      Capacitance    Capacitance       Slack  Violation  
  ---------------------------------------------------------------------------
   dbg_clk                    168.00         174.74          -6.74  (VIOLATED) 
     PIN : clock_module_0/clock_gate_dbg_clk/cts_inv_7023075/Y
                              168.00         174.74          -6.74  (VIOLATED) 

   cts2                        82.00          86.66          -4.66  (VIOLATED) 
     PIN : clock_module_0/clock_gate_dma_mclk/cts_inv_8373210/Y
                               82.00          86.66          -4.66  (VIOLATED) 

   dbg_0/dbg_din[10]            8.00           9.11          -1.11  (VIOLATED) 
     PIN : dbg_0/dbg_uart_0/U167/Y
                                8.00           9.11          -1.11  (VIOLATED) 

   ctsbuf_net_1840             32.00          32.57          -0.57  (VIOLATED) 
     PIN : cts_inv_8943267/Y
                               32.00          32.57          -0.57  (VIOLATED) 

   dbg_0/dbg_uart_0/placeHFSNET_94
                               16.00          16.49          -0.49  (VIOLATED) 
     PIN : dbg_0/dbg_uart_0/placeHFSINV_1454_126/Y
                               16.00          16.49          -0.49  (VIOLATED) 

   dbg_0/n93                   16.00          16.07          -0.07  (VIOLATED) 
     PIN : dbg_0/U6/Y          16.00          16.07          -0.07  (VIOLATED) 

   per_din[12]                 16.00          16.03          -0.03  (VIOLATED) 
     PIN : mem_backbone_0/U55/Y
                               16.00          16.03          -0.03  (VIOLATED) 

   clock_module_0/placeHFSNET_30
                                8.00           8.03          -0.03  (VIOLATED) 
     PIN : clock_module_0/placeHFSINV_573_42/Y
                                8.00           8.03          -0.03  (VIOLATED) 

   inst_dest[12]                8.00           8.02          -0.02  (VIOLATED) 
     PIN : frontend_0/U176/Y
                                8.00           8.02          -0.02  (VIOLATED) 

   execution_unit_0/register_file_0/reg_incr_val[10]
                                8.00           8.02          -0.02  (VIOLATED) 
     PIN : execution_unit_0/register_file_0/U217/Y
                                8.00           8.02          -0.02  (VIOLATED) 

   execution_unit_0/register_file_0/copt_net_991
                               16.00          16.01          -0.01  (VIOLATED) 
     PIN : execution_unit_0/register_file_0/clockcopt_h_inst_4840/Y
                               16.00          16.01          -0.01  (VIOLATED) 

   execution_unit_0/alu_0/add_1_root_add_100_2_C188/B[1]
                                8.00           8.00          -0.00  (VIOLATED) 
     PIN : execution_unit_0/alu_0/U275/Y
                                8.00           8.00          -0.00  (VIOLATED) 

  ---------------------------------------------------------------------------
   Number of max_capacitance violation(s): 12


   Mode: func Corner: slow
   Scenario: func_slow
  ---------------------------------------------------------------------------
   Number of min_capacitance violation(s): 0

   Total number of violation(s): 12
1
