****************************************
Report : report_utilization
Design : openMSP430
Version: O-2018.06-SP1
Date   : Sat Sep 26 03:05:06 2026
****************************************
Utilization Ratio:			0.7638
Utilization options:
 - Area calculation based on:		site_row of block temp_clock_ends
 - Categories of objects excluded:	hard_macros macro_keepouts soft_macros io_cells hard_blockages 
Total Area:				35210.1263
Total Capacity Area:			35210.1263
Total Area of cells:			26893.7722
Area of excluded objects:
 - hard_macros         :		0.0000
 - macro_keepouts      :		0.0000
 - soft_macros         :		0.0000
 - io_cells            :		0.0000
 - hard_blockages      :		0.0000

Utilization of site-rows with:
 - Site 'unit':				0.7638

0.7638
